Archive member included to satisfy reference by file (symbol)

E:/STM32CubeIDE_1.15.0/STM32CubeIDE/plugins/com.st.stm32cube.ide.mcu.externaltools.gnu-tools-for-stm32.12.3.rel1.win32_1.0.100.202403111256/tools/bin/../lib/gcc/arm-none-eabi/12.3.1/../../../../arm-none-eabi/lib/thumb/v7-m/nofp\libc_nano.a(libc_a-exit.o)
                              E:/STM32CubeIDE_1.15.0/STM32CubeIDE/plugins/com.st.stm32cube.ide.mcu.externaltools.gnu-tools-for-stm32.12.3.rel1.win32_1.0.100.202403111256/tools/bin/../lib/gcc/arm-none-eabi/12.3.1/../../../../arm-none-eabi/lib/thumb/v7-m/nofp/crt0.o (exit)
E:/STM32CubeIDE_1.15.0/STM32CubeIDE/plugins/com.st.stm32cube.ide.mcu.externaltools.gnu-tools-for-stm32.12.3.rel1.win32_1.0.100.202403111256/tools/bin/../lib/gcc/arm-none-eabi/12.3.1/../../../../arm-none-eabi/lib/thumb/v7-m/nofp\libc_nano.a(libc_a-findfp.o)
                              E:/STM32CubeIDE_1.15.0/STM32CubeIDE/plugins/com.st.stm32cube.ide.mcu.externaltools.gnu-tools-for-stm32.12.3.rel1.win32_1.0.100.202403111256/tools/bin/../lib/gcc/arm-none-eabi/12.3.1/../../../../arm-none-eabi/lib/thumb/v7-m/nofp\libc_nano.a(libc_a-exit.o) (__stdio_exit_handler)
E:/STM32CubeIDE_1.15.0/STM32CubeIDE/plugins/com.st.stm32cube.ide.mcu.externaltools.gnu-tools-for-stm32.12.3.rel1.win32_1.0.100.202403111256/tools/bin/../lib/gcc/arm-none-eabi/12.3.1/../../../../arm-none-eabi/lib/thumb/v7-m/nofp\libc_nano.a(libc_a-fwalk.o)
                              E:/STM32CubeIDE_1.15.0/STM32CubeIDE/plugins/com.st.stm32cube.ide.mcu.externaltools.gnu-tools-for-stm32.12.3.rel1.win32_1.0.100.202403111256/tools/bin/../lib/gcc/arm-none-eabi/12.3.1/../../../../arm-none-eabi/lib/thumb/v7-m/nofp\libc_nano.a(libc_a-findfp.o) (_fwalk_sglue)
E:/STM32CubeIDE_1.15.0/STM32CubeIDE/plugins/com.st.stm32cube.ide.mcu.externaltools.gnu-tools-for-stm32.12.3.rel1.win32_1.0.100.202403111256/tools/bin/../lib/gcc/arm-none-eabi/12.3.1/../../../../arm-none-eabi/lib/thumb/v7-m/nofp\libc_nano.a(libc_a-stdio.o)
                              E:/STM32CubeIDE_1.15.0/STM32CubeIDE/plugins/com.st.stm32cube.ide.mcu.externaltools.gnu-tools-for-stm32.12.3.rel1.win32_1.0.100.202403111256/tools/bin/../lib/gcc/arm-none-eabi/12.3.1/../../../../arm-none-eabi/lib/thumb/v7-m/nofp\libc_nano.a(libc_a-findfp.o) (__sread)
E:/STM32CubeIDE_1.15.0/STM32CubeIDE/plugins/com.st.stm32cube.ide.mcu.externaltools.gnu-tools-for-stm32.12.3.rel1.win32_1.0.100.202403111256/tools/bin/../lib/gcc/arm-none-eabi/12.3.1/../../../../arm-none-eabi/lib/thumb/v7-m/nofp\libc_nano.a(libc_a-memset.o)
                              E:/STM32CubeIDE_1.15.0/STM32CubeIDE/plugins/com.st.stm32cube.ide.mcu.externaltools.gnu-tools-for-stm32.12.3.rel1.win32_1.0.100.202403111256/tools/bin/../lib/gcc/arm-none-eabi/12.3.1/../../../../arm-none-eabi/lib/thumb/v7-m/nofp/crt0.o (memset)
E:/STM32CubeIDE_1.15.0/STM32CubeIDE/plugins/com.st.stm32cube.ide.mcu.externaltools.gnu-tools-for-stm32.12.3.rel1.win32_1.0.100.202403111256/tools/bin/../lib/gcc/arm-none-eabi/12.3.1/../../../../arm-none-eabi/lib/thumb/v7-m/nofp\libc_nano.a(libc_a-closer.o)
                              E:/STM32CubeIDE_1.15.0/STM32CubeIDE/plugins/com.st.stm32cube.ide.mcu.externaltools.gnu-tools-for-stm32.12.3.rel1.win32_1.0.100.202403111256/tools/bin/../lib/gcc/arm-none-eabi/12.3.1/../../../../arm-none-eabi/lib/thumb/v7-m/nofp\libc_nano.a(libc_a-stdio.o) (_close_r)
E:/STM32CubeIDE_1.15.0/STM32CubeIDE/plugins/com.st.stm32cube.ide.mcu.externaltools.gnu-tools-for-stm32.12.3.rel1.win32_1.0.100.202403111256/tools/bin/../lib/gcc/arm-none-eabi/12.3.1/../../../../arm-none-eabi/lib/thumb/v7-m/nofp\libc_nano.a(libc_a-reent.o)
                              E:/STM32CubeIDE_1.15.0/STM32CubeIDE/plugins/com.st.stm32cube.ide.mcu.externaltools.gnu-tools-for-stm32.12.3.rel1.win32_1.0.100.202403111256/tools/bin/../lib/gcc/arm-none-eabi/12.3.1/../../../../arm-none-eabi/lib/thumb/v7-m/nofp\libc_nano.a(libc_a-closer.o) (errno)
E:/STM32CubeIDE_1.15.0/STM32CubeIDE/plugins/com.st.stm32cube.ide.mcu.externaltools.gnu-tools-for-stm32.12.3.rel1.win32_1.0.100.202403111256/tools/bin/../lib/gcc/arm-none-eabi/12.3.1/../../../../arm-none-eabi/lib/thumb/v7-m/nofp\libc_nano.a(libc_a-impure.o)
                              E:/STM32CubeIDE_1.15.0/STM32CubeIDE/plugins/com.st.stm32cube.ide.mcu.externaltools.gnu-tools-for-stm32.12.3.rel1.win32_1.0.100.202403111256/tools/bin/../lib/gcc/arm-none-eabi/12.3.1/../../../../arm-none-eabi/lib/thumb/v7-m/nofp\libc_nano.a(libc_a-reent.o) (_impure_ptr)
E:/STM32CubeIDE_1.15.0/STM32CubeIDE/plugins/com.st.stm32cube.ide.mcu.externaltools.gnu-tools-for-stm32.12.3.rel1.win32_1.0.100.202403111256/tools/bin/../lib/gcc/arm-none-eabi/12.3.1/../../../../arm-none-eabi/lib/thumb/v7-m/nofp\libc_nano.a(libc_a-lseekr.o)
[...]
Memory Configuration

Name             Origin             Length             Attributes
RAM              0x20000000         0x00005000         xrw
FLASH            0x08000000         0x00010000         xr
*default*        0x00000000         0xffffffff

Linker script and memory map

LOAD E:/STM32CubeIDE_1.15.0/STM32CubeIDE/plugins/com.st.stm32cube.ide.mcu.externaltools.gnu-tools-for-stm32.12.3.rel1.win32_1.0.100.202403111256/tools/bin/../lib/gcc/arm-none-eabi/12.3.1/thumb/v7-m/nofp/crti.o
LOAD E:/STM32CubeIDE_1.15.0/STM32CubeIDE/plugins/com.st.stm32cube.ide.mcu.externaltools.gnu-tools-for-stm32.12.3.rel1.win32_1.0.100.202403111256/tools/bin/../lib/gcc/arm-none-eabi/12.3.1/thumb/v7-m/nofp/crtbegin.o
LOAD E:/STM32CubeIDE_1.15.0/STM32CubeIDE/plugins/com.st.stm32cube.ide.mcu.externaltools.gnu-tools-for-stm32.12.3.rel1.win32_1.0.100.202403111256/tools/bin/../lib/gcc/arm-none-eabi/12.3.1/../../../../arm-none-eabi/lib/thumb/v7-m/nofp/crt0.o
LOAD ./Core/Src/fuzzy.o
LOAD ./Core/Src/main.o
LOAD ./Core/Src/mpu6050.o
LOAD ./Core/Src/stm32f1xx_hal_msp.o
LOAD ./Core/Src/stm32f1xx_it.o
LOAD ./Core/Src/syscalls.o
LOAD ./Core/Src/sysmem.o
LOAD ./Core/Src/system_stm32f1xx.o
LOAD ./Core/Startup/startup_stm32f103c8tx.o
LOAD ./Drivers/STM32F1xx_HAL_Driver/Src/stm32f1xx_hal.o
LOAD ./Drivers/STM32F1xx_HAL_Driver/Src/stm32f1xx_hal_cortex.o
LOAD ./Drivers/STM32F1xx_HAL_Driver/Src/stm32f1xx_hal_dma.o
LOAD ./Drivers/STM32F1xx_HAL_Driver/Src/stm32f1xx_hal_exti.o
LOAD ./Drivers/STM32F1xx_HAL_Driver/Src/stm32f1xx_hal_flash.o
LOAD ./Drivers/STM32F1xx_HAL_Driver/Src/stm32f1xx_hal_flash_ex.o
LOAD ./Drivers/STM32F1xx_HAL_Driver/Src/stm32f1xx_hal_gpio.o
LOAD ./Drivers/STM32F1xx_HAL_Driver/Src/stm32f1xx_hal_gpio_ex.o
LOAD ./Drivers/STM32F1xx_HAL_Driver/Src/stm32f1xx_hal_i2c.o
LOAD ./Drivers/STM32F1xx_HAL_Driver/Src/stm32f1xx_hal_pwr.o
LOAD ./Drivers/STM32F1xx_HAL_Driver/Src/stm32f1xx_hal_rcc.o
LOAD ./Drivers/STM32F1xx_HAL_Driver/Src/stm32f1xx_hal_rcc_ex.o
LOAD ./Drivers/STM32F1xx_HAL_Driver/Src/stm32f1xx_hal_tim.o
LOAD ./Drivers/STM32F1xx_HAL_Driver/Src/stm32f1xx_hal_tim_ex.o
LOAD ./Drivers/STM32F1xx_HAL_Driver/Src/stm32f1xx_hal_uart.o
START GROUP
LOAD E:/STM32CubeIDE_1.15.0/STM32CubeIDE/plugins/com.st.stm32cube.ide.mcu.externaltools.gnu-tools-for-stm32.12.3.rel1.win32_1.0.100.202403111256/tools/bin/../lib/gcc/arm-none-eabi/12.3.1/../../../../arm-none-eabi/lib/thumb/v7-m/nofp\libc_nano.a
LOAD E:/STM32CubeIDE_1.15.0/STM32CubeIDE/plugins/com.st.stm32cube.ide.mcu.externaltools.gnu-tools-for-stm32.12.3.rel1.win32_1.0.100.202403111256/tools/bin/../lib/gcc/arm-none-eabi/12.3.1/../../../../arm-none-eabi/lib/thumb/v7-m/nofp\libm.a
END GROUP
START GROUP
LOAD E:/STM32CubeIDE_1.15.0/STM32CubeIDE/plugins/com.st.stm32cube.ide.mcu.externaltools.gnu-tools-for-stm32.12.3.rel1.win32_1.0.100.202403111256/tools/bin/../lib/gcc/arm-none-eabi/12.3.1/thumb/v7-m/nofp\libgcc.a
LOAD E:/STM32CubeIDE_1.15.0/STM32CubeIDE/plugins/com.st.stm32cube.ide.mcu.externaltools.gnu-tools-for-stm32.12.3.rel1.win32_1.0.100.202403111256/tools/bin/../lib/gcc/arm-none-eabi/12.3.1/../../../../arm-none-eabi/lib/thumb/v7-m/nofp\libc_nano.a
END GROUP
START GROUP
LOAD E:/STM32CubeIDE_1.15.0/STM32CubeIDE/plugins/com.st.stm32cube.ide.mcu.externaltools.gnu-tools-for-stm32.12.3.rel1.win32_1.0.100.202403111256/tools/bin/../lib/gcc/arm-none-eabi/12.3.1/thumb/v7-m/nofp\libgcc.a
LOAD E:/STM32CubeIDE_1.15.0/STM32CubeIDE/plugins/com.st.stm32cube.ide.mcu.externaltools.gnu-tools-for-stm32.12.3.rel1.win32_1.0.100.202403111256/tools/bin/../lib/gcc/arm-none-eabi/12.3.1/../../../../arm-none-eabi/lib/thumb/v7-m/nofp\libc_nano.a
LOAD E:/STM32CubeIDE_1.15.0/STM32CubeIDE/plugins/com.st.stm32cube.ide.mcu.externaltools.gnu-tools-for-stm32.12.3.rel1.win32_1.0.100.202403111256/tools/bin/../lib/gcc/arm-none-eabi/12.3.1/../../../../arm-none-eabi/lib/thumb/v7-m/nofp\libnosys.a
END GROUP
START GROUP
LOAD E:/STM32CubeIDE_1.15.0/STM32CubeIDE/plugins/com.st.stm32cube.ide.mcu.externaltools.gnu-tools-for-stm32.12.3.rel1.win32_1.0.100.202403111256/tools/bin/../lib/gcc/arm-none-eabi/12.3.1/thumb/v7-m/nofp\libgcc.a
LOAD E:/STM32CubeIDE_1.15.0/STM32CubeIDE/plugins/com.st.stm32cube.ide.mcu.externaltools.gnu-tools-for-stm32.12.3.rel1.win32_1.0.100.202403111256/tools/bin/../lib/gcc/arm-none-eabi/12.3.1/../../../../arm-none-eabi/lib/thumb/v7-m/nofp\libc_nano.a
LOAD E:/STM32CubeIDE_1.15.0/STM32CubeIDE/plugins/com.st.stm32cube.ide.mcu.externaltools.gnu-tools-for-stm32.12.3.rel1.win32_1.0.100.202403111256/tools/bin/../lib/gcc/arm-none-eabi/12.3.1/../../../../arm-none-eabi/lib/thumb/v7-m/nofp\libnosys.a
END GROUP
LOAD E:/STM32CubeIDE_1.15.0/STM32CubeIDE/plugins/com.st.stm32cube.ide.mcu.externaltools.gnu-tools-for-stm32.12.3.rel1.win32_1.0.100.202403111256/tools/bin/../lib/gcc/arm-none-eabi/12.3.1/thumb/v7-m/nofp/crtend.o
LOAD E:/STM32CubeIDE_1.15.0/STM32CubeIDE/plugins/com.st.stm32cube.ide.mcu.externaltools.gnu-tools-for-stm32.12.3.rel1.win32_1.0.100.202403111256/tools/bin/../lib/gcc/arm-none-eabi/12.3.1/thumb/v7-m/nofp/crtn.o
                0x20005000                        _estack = (ORIGIN (RAM) + LENGTH (RAM))
                0x00000200                        _Min_Heap_Size = 0x200
                0x00000400                        _Min_Stack_Size = 0x400

.isr_vector     0x08000000      0x10c
                0x08000000                        . = ALIGN (0x4)
 *(.isr_vector)
 .isr_vector    0x08000000      0x10c ./Core/Startup/startup_stm32f103c8tx.o
                0x08000000                g_pfnVectors
                0x0800010c                        . = ALIGN (0x4)

.text           0x08000110     0x634c
                0x08000110                        . = ALIGN (0x4)
 *(.text)
 .text          0x08000110       0x40 E:/STM32CubeIDE_1.15.0/STM32CubeIDE/plugins/com.st.stm32cube.ide.mcu.externaltools.gnu-tools-for-stm32.12.3.rel1.win32_1.0.100.202403111256/tools/bin/../lib/gcc/arm-none-eabi/12.3.1/thumb/v7-m/nofp/crtbegin.o
 .text          0x08000150      0x378 E:/STM32CubeIDE_1.15.0/STM32CubeIDE/plugins/com.st.stm32cube.ide.mcu.externaltools.gnu-tools-for-stm32.12.3.rel1.win32_1.0.100.202403111256/tools/bin/../lib/gcc/arm-none-eabi/12.3.1/thumb/v7-m/nofp\libgcc.a(_arm_addsubdf3.o)
                0x08000150                __aeabi_drsub
                0x08000158                __aeabi_dsub
                0x08000158                __subdf3
                0x0800015c                __aeabi_dadd
                0x0800015c                __adddf3
                0x080003d4                __floatunsidf
                0x080003d4                __aeabi_ui2d
                0x080003f4                __floatsidf
                0x080003f4                __aeabi_i2d
                0x08000418                __aeabi_f2d
                0x08000418                __extendsfdf2
                0x0800045c                __floatundidf
                0x0800045c                __aeabi_ul2d
                0x0800046c                __floatdidf
                0x0800046c                __aeabi_l2d
 .text          0x080004c8      0x424 E:/STM32CubeIDE_1.15.0/STM32CubeIDE/plugins/com.st.stm32cube.ide.mcu.externaltools.gnu-tools-for-stm32.12.3.rel1.win32_1.0.100.202403111256/tools/bin/../lib/gcc/arm-none-eabi/12.3.1/thumb/v7-m/nofp\libgcc.a(_arm_muldivdf3.o)
                0x080004c8                __aeabi_dmul
                0x080004c8                __muldf3
                0x0800071c                __divdf3
                0x0800071c                __aeabi_ddiv
 .text          0x080008ec      0x110 E:/STM32CubeIDE_1.15.0/STM32CubeIDE/plugins/com.st.stm32cube.ide.mcu.externaltools.gnu-tools-for-stm32.12.3.rel1.win32_1.0.100.202403111256/tools/bin/../lib/gcc/arm-none-eabi/12.3.1/thumb/v7-m/nofp\libgcc.a(_arm_cmpdf2.o)
                0x080008ec                __gtdf2
                0x080008ec                __gedf2
                0x080008f4                __ltdf2
                0x080008f4                __ledf2
                0x080008fc                __nedf2
                0x080008fc                __eqdf2
                0x080008fc                __cmpdf2
                0x08000978                __aeabi_cdrcmple
                0x08000988                __aeabi_cdcmpeq
                0x08000988                __aeabi_cdcmple
                0x08000998                __aeabi_dcmpeq
                0x080009ac                __aeabi_dcmplt
                0x080009c0                __aeabi_dcmple
                0x080009d4                __aeabi_dcmpge
                0x080009e8                __aeabi_dcmpgt
 .text          0x080009fc       0x2c E:/STM32CubeIDE_1.15.0/STM32CubeIDE/plugins/com.st.stm32cube.ide.mcu.externaltools.gnu-tools-for-stm32.12.3.rel1.win32_1.0.100.202403111256/tools/bin/../lib/gcc/arm-none-eabi/12.3.1/thumb/v7-m/nofp\libgcc.a(_arm_unorddf2.o)
                0x080009fc                __unorddf2
                0x080009fc                __aeabi_dcmpun
 .text          0x08000a28       0x40 E:/STM32CubeIDE_1.15.0/STM32CubeIDE/plugins/com.st.stm32cube.ide.mcu.externaltools.gnu-tools-for-stm32.12.3.rel1.win32_1.0.100.202403111256/tools/bin/../lib/gcc/arm-none-eabi/12.3.1/thumb/v7-m/nofp\libgcc.a(_arm_fixunsdfsi.o)
                0x08000a28                __aeabi_d2uiz
                0x08000a28                __fixunsdfsi
 .text          0x08000a68       0xa0 E:/STM32CubeIDE_1.15.0/STM32CubeIDE/plugins/com.st.stm32cube.ide.mcu.externaltools.gnu-tools-for-stm32.12.3.rel1.win32_1.0.100.202403111256/tools/bin/../lib/gcc/arm-none-eabi/12.3.1/thumb/v7-m/nofp\libgcc.a(_arm_truncdfsf2.o)
                0x08000a68                __truncdfsf2
                0x08000a68                __aeabi_d2f
 .text          0x08000b08      0x21c E:/STM32CubeIDE_1.15.0/STM32CubeIDE/plugins/com.st.stm32cube.ide.mcu.externaltools.gnu-tools-for-stm32.12.3.rel1.win32_1.0.100.202403111256/tools/bin/../lib/gcc/arm-none-eabi/12.3.1/thumb/v7-m/nofp\libgcc.a(_arm_addsubsf3.o)
                0x08000b08                __aeabi_frsub
                0x08000b10                __subsf3
                0x08000b10                __aeabi_fsub
                0x08000b14                __aeabi_fadd
                0x08000b14                __addsf3
                0x08000c74                __aeabi_ui2f
                0x08000c74                __floatunsisf
                0x08000c7c                __aeabi_i2f
                0x08000c7c                __floatsisf
                0x08000c98                __aeabi_ul2f
                0x08000c98                __floatundisf
                0x08000ca8                __aeabi_l2f
                0x08000ca8                __floatdisf
 .text          0x08000d24      0x2a0 E:/STM32CubeIDE_1.15.0/STM32CubeIDE/plugins/com.st.stm32cube.ide.mcu.externaltools.gnu-tools-for-stm32.12.3.rel1.win32_1.0.100.202403111256/tools/bin/../lib/gcc/arm-none-eabi/12.3.1/thumb/v7-m/nofp\libgcc.a(_arm_muldivsf3.o)
                0x08000d24                __mulsf3
                0x08000d24                __aeabi_fmul
                0x08000e8c                __aeabi_fdiv
                0x08000e8c                __divsf3
 .text          0x08000fc4       0xec E:/STM32CubeIDE_1.15.0/STM32CubeIDE/plugins/com.st.stm32cube.ide.mcu.externaltools.gnu-tools-for-stm32.12.3.rel1.win32_1.0.100.202403111256/tools/bin/../lib/gcc/arm-none-eabi/12.3.1/thumb/v7-m/nofp\libgcc.a(_arm_cmpsf2.o)
                0x08000fc4                __gesf2
                0x08000fc4                __gtsf2
                0x08000fcc                __lesf2
                0x08000fcc                __ltsf2
                0x08000fd4                __nesf2
                0x08000fd4                __eqsf2
                0x08000fd4                __cmpsf2
                0x08001034                __aeabi_cfrcmple
                0x0800103c                __aeabi_cfcmpeq
                0x0800103c                __aeabi_cfcmple
                0x0800104c                __aeabi_fcmpeq
                0x08001060                __aeabi_fcmplt
                0x08001074                __aeabi_fcmple
                0x08001088                __aeabi_fcmpge
                0x0800109c                __aeabi_fcmpgt
 .text          0x080010b0       0x40 E:/STM32CubeIDE_1.15.0/STM32CubeIDE/plugins/com.st.stm32cube.ide.mcu.externaltools.gnu-tools-for-stm32.12.3.rel1.win32_1.0.100.202403111256/tools/bin/../lib/gcc/arm-none-eabi/12.3.1/thumb/v7-m/nofp\libgcc.a(_arm_fixunssfsi.o)
                0x080010b0                __fixunssfsi
                0x080010b0                __aeabi_f2uiz
 *(.text*)
 .text.max      0x080010f0       0x78 ./Core/Src/fuzzy.o
                0x080010f0                max
 .text.min      0x08001168       0x26 ./Core/Src/fuzzy.o
                0x08001168                min
 .text.mfTriang
                0x0800118e       0xb4 ./Core/Src/fuzzy.o
                0x0800118e                mfTriang
 .text.mfTrap   0x08001242      0x104 ./Core/Src/fuzzy.o
                0x08001242                mfTrap
 *fill*         0x08001346        0x2 
 .text.run_fuzzy
                0x08001348      0x73c ./Core/Src/fuzzy.o
                0x08001348                run_fuzzy
 .text.limit_range
                0x08001a84       0x4c ./Core/Src/fuzzy.o
                0x08001a84                limit_range
 .text.main     0x08001ad0       0x2c ./Core/Src/main.o
                0x08001ad0                main
 .text.SystemClock_Config
                0x08001afc       0x82 ./Core/Src/main.o
                0x08001afc                SystemClock_Config
 *fill*         0x08001b7e        0x2 
 .text.MX_I2C1_Init
                0x08001b80       0x5c ./Core/Src/main.o
 .text.MX_TIM1_Init
                0x08001bdc       0xa4 ./Core/Src/main.o
 .text.MX_TIM3_Init
                0x08001c80       0xb4 ./Core/Src/main.o
 .text.MX_TIM4_Init
                0x08001d34       0xc8 ./Core/Src/main.o
 .text.MX_USART1_UART_Init
                0x08001dfc       0x54 ./Core/Src/main.o
 .text.MX_GPIO_Init
                0x08001e50      0x108 ./Core/Src/main.o
 .text.Init_All
                0x08001f58       0x3c ./Core/Src/main.o
                0x08001f58                Init_All
 .text.HAL_TIM_PeriodElapsedCallback
                0x08001f94       0xdc ./Core/Src/main.o
                0x08001f94                HAL_TIM_PeriodElapsedCallback
 .text.Fuzzy_Process
                0x08002070       0xc8 ./Core/Src/main.o
                0x08002070                Fuzzy_Process
 .text.motor_forward
                0x08002138       0x3c ./Core/Src/main.o
                0x08002138                motor_forward
 .text.motor_reverse
                0x08002174       0x3c ./Core/Src/main.o
                0x08002174                motor_reverse
 .text.motor_stop
                0x080021b0       0x44 ./Core/Src/main.o
                0x080021b0                motor_stop
 *fill*         0x080021f4        0x4 
 .text.pwm_out  0x080021f8       0xb8 ./Core/Src/main.o
                0x080021f8                pwm_out
 .text.Error_Handler
                0x080022b0        0xc ./Core/Src/main.o
                0x080022b0                Error_Handler
 .text.MPU6050_Init
                0x080022bc       0xae ./Core/Src/mpu6050.o
                0x080022bc                MPU6050_Init
 *fill*         0x0800236a        0x6 
 .text.MPU6050_Read_All
                0x08002370      0x3bc ./Core/Src/mpu6050.o
                0x08002370                MPU6050_Read_All
 .text.Kalman_getAngle
                0x0800272c      0x2a6 ./Core/Src/mpu6050.o
                0x0800272c                Kalman_getAngle
 *fill*         0x080029d2        0x2 
 .text.HAL_MspInit
                0x080029d4       0x64 ./Core/Src/stm32f1xx_hal_msp.o
                0x080029d4                HAL_MspInit
 .text.HAL_I2C_MspInit
                0x08002a38       0xa0 ./Core/Src/stm32f1xx_hal_msp.o
                0x08002a38                HAL_I2C_MspInit
 .text.HAL_TIM_Base_MspInit
                0x08002ad8       0x4c ./Core/Src/stm32f1xx_hal_msp.o
                0x08002ad8                HAL_TIM_Base_MspInit
 .text.HAL_TIM_PWM_MspInit
                0x08002b24       0x64 ./Core/Src/stm32f1xx_hal_msp.o
                0x08002b24                HAL_TIM_PWM_MspInit
 .text.HAL_TIM_MspPostInit
                0x08002b88       0xcc ./Core/Src/stm32f1xx_hal_msp.o
                0x08002b88                HAL_TIM_MspPostInit
 .text.HAL_UART_MspInit
                0x08002c54       0x98 ./Core/Src/stm32f1xx_hal_msp.o
                0x08002c54                HAL_UART_MspInit
 .text.NMI_Handler
                0x08002cec        0x8 ./Core/Src/stm32f1xx_it.o
                0x08002cec                NMI_Handler
 .text.HardFault_Handler
                0x08002cf4        0x8 ./Core/Src/stm32f1xx_it.o
                0x08002cf4                HardFault_Handler
 .text.MemManage_Handler
                0x08002cfc        0x8 ./Core/Src/stm32f1xx_it.o
                0x08002cfc                MemManage_Handler
 .text.BusFault_Handler
                0x08002d04        0x8 ./Core/Src/stm32f1xx_it.o
                0x08002d04                BusFault_Handler
 .text.UsageFault_Handler
                0x08002d0c        0x8 ./Core/Src/stm32f1xx_it.o
                0x08002d0c                UsageFault_Handler
 .text.SVC_Handler
                0x08002d14        0xc ./Core/Src/stm32f1xx_it.o
                0x08002d14                SVC_Handler
 .text.DebugMon_Handler
                0x08002d20        0xc ./Core/Src/stm32f1xx_it.o
                0x08002d20                DebugMon_Handler
 .text.PendSV_Handler
                0x08002d2c        0xc ./Core/Src/stm32f1xx_it.o
                0x08002d2c                PendSV_Handler
 .text.SysTick_Handler
                0x08002d38        0xc ./Core/Src/stm32f1xx_it.o
                0x08002d38                SysTick_Handler
 .text.TIM1_UP_IRQHandler
                0x08002d44       0x14 ./Core/Src/stm32f1xx_it.o
                0x08002d44                TIM1_UP_IRQHandler
 .text.SystemInit
                0x08002d58        0xc ./Core/Src/system_stm32f1xx.o
                0x08002d58                SystemInit
 .text.Reset_Handler
                0x08002d64       0x48 ./Core/Startup/startup_stm32f103c8tx.o
                0x08002d64                Reset_Handler
 .text.Default_Handler
                0x08002dac        0x2 ./Core/Startup/startup_stm32f103c8tx.o
                0x08002dac                RTC_Alarm_IRQHandler
                0x08002dac                EXTI2_IRQHandler
                0x08002dac                TIM1_CC_IRQHandler
                0x08002dac                PVD_IRQHandler
                0x08002dac                EXTI3_IRQHandler
                0x08002dac                EXTI0_IRQHandler
                0x08002dac                I2C2_EV_IRQHandler
                0x08002dac                ADC1_2_IRQHandler
                0x08002dac                SPI1_IRQHandler
                0x08002dac                TAMPER_IRQHandler
                0x08002dac                DMA1_Channel4_IRQHandler
                0x08002dac                USART3_IRQHandler
                0x08002dac                RTC_IRQHandler
                0x08002dac                DMA1_Channel7_IRQHandler
                0x08002dac                CAN1_RX1_IRQHandler
                0x08002dac                TIM4_IRQHandler
                0x08002dac                I2C1_EV_IRQHandler
                0x08002dac                DMA1_Channel6_IRQHandler
                0x08002dac                TIM3_IRQHandler
                0x08002dac                RCC_IRQHandler
                0x08002dac                TIM1_TRG_COM_IRQHandler
                0x08002dac                DMA1_Channel1_IRQHandler
                0x08002dac                Default_Handler
                0x08002dac                EXTI15_10_IRQHandler
                0x08002dac                EXTI9_5_IRQHandler
                0x08002dac                SPI2_IRQHandler
                0x08002dac                DMA1_Channel5_IRQHandler
                0x08002dac                EXTI4_IRQHandler
                0x08002dac                USB_LP_CAN1_RX0_IRQHandler
                0x08002dac                USB_HP_CAN1_TX_IRQHandler
                0x08002dac                DMA1_Channel3_IRQHandler
                0x08002dac                WWDG_IRQHandler
                0x08002dac                TIM2_IRQHandler
                0x08002dac                TIM1_BRK_IRQHandler
                0x08002dac                EXTI1_IRQHandler
                0x08002dac                USART2_IRQHandler
                0x08002dac                I2C2_ER_IRQHandler
                0x08002dac                DMA1_Channel2_IRQHandler
                0x08002dac                CAN1_SCE_IRQHandler
                0x08002dac                FLASH_IRQHandler
                0x08002dac                USART1_IRQHandler
                0x08002dac                I2C1_ER_IRQHandler
                0x08002dac                USBWakeUp_IRQHandler
 *fill*         0x08002dae        0x2 
 .text.HAL_Init
                0x08002db0       0x2c ./Drivers/STM32F1xx_HAL_Driver/Src/stm32f1xx_hal.o
                0x08002db0                HAL_Init
 .text.HAL_InitTick
                0x08002ddc       0x60 ./Drivers/STM32F1xx_HAL_Driver/Src/stm32f1xx_hal.o
                0x08002ddc                HAL_InitTick
 .text.HAL_IncTick
                0x08002e3c       0x24 ./Drivers/STM32F1xx_HAL_Driver/Src/stm32f1xx_hal.o
                0x08002e3c                HAL_IncTick
 .text.HAL_GetTick
                0x08002e60       0x14 ./Drivers/STM32F1xx_HAL_Driver/Src/stm32f1xx_hal.o
                0x08002e60                HAL_GetTick
 .text.__NVIC_SetPriorityGrouping
                0x08002e74       0x48 ./Drivers/STM32F1xx_HAL_Driver/Src/stm32f1xx_hal_cortex.o
 .text.__NVIC_GetPriorityGrouping
                0x08002ebc       0x1c ./Drivers/STM32F1xx_HAL_Driver/Src/stm32f1xx_hal_cortex.o
 .text.__NVIC_EnableIRQ
                0x08002ed8       0x38 ./Drivers/STM32F1xx_HAL_Driver/Src/stm32f1xx_hal_cortex.o
 .text.__NVIC_SetPriority
                0x08002f10       0x54 ./Drivers/STM32F1xx_HAL_Driver/Src/stm32f1xx_hal_cortex.o
 .text.NVIC_EncodePriority
                0x08002f64       0x64 ./Drivers/STM32F1xx_HAL_Driver/Src/stm32f1xx_hal_cortex.o
 .text.SysTick_Config
                0x08002fc8       0x44 ./Drivers/STM32F1xx_HAL_Driver/Src/stm32f1xx_hal_cortex.o
 .text.HAL_NVIC_SetPriorityGrouping
                0x0800300c       0x16 ./Drivers/STM32F1xx_HAL_Driver/Src/stm32f1xx_hal_cortex.o
                0x0800300c                HAL_NVIC_SetPriorityGrouping
 .text.HAL_NVIC_SetPriority
                0x08003022       0x38 ./Drivers/STM32F1xx_HAL_Driver/Src/stm32f1xx_hal_cortex.o
                0x08003022                HAL_NVIC_SetPriority
 .text.HAL_NVIC_EnableIRQ
                0x0800305a       0x1c ./Drivers/STM32F1xx_HAL_Driver/Src/stm32f1xx_hal_cortex.o
                0x0800305a                HAL_NVIC_EnableIRQ
 .text.HAL_SYSTICK_Config
                0x08003076       0x18 ./Drivers/STM32F1xx_HAL_Driver/Src/stm32f1xx_hal_cortex.o
                0x08003076                HAL_SYSTICK_Config
 *fill*         0x0800308e        0x2 
 .text.HAL_GPIO_Init
                0x08003090      0x308 ./Drivers/STM32F1xx_HAL_Driver/Src/stm32f1xx_hal_gpio.o
                0x08003090                HAL_GPIO_Init
 .text.HAL_GPIO_WritePin
                0x08003398       0x30 ./Drivers/STM32F1xx_HAL_Driver/Src/stm32f1xx_hal_gpio.o
                0x08003398                HAL_GPIO_WritePin
 .text.HAL_I2C_Init
                0x080033c8      0x288 ./Drivers/STM32F1xx_HAL_Driver/Src/stm32f1xx_hal_i2c.o
                0x080033c8                HAL_I2C_Init
 .text.HAL_I2C_Mem_Write
                0x08003650      0x1f4 ./Drivers/STM32F1xx_HAL_Driver/Src/stm32f1xx_hal_i2c.o
                0x08003650                HAL_I2C_Mem_Write
 .text.HAL_I2C_Mem_Read
                0x08003844      0x4d0 ./Drivers/STM32F1xx_HAL_Driver/Src/stm32f1xx_hal_i2c.o
                0x08003844                HAL_I2C_Mem_Read
 .text.I2C_RequestMemoryWrite
                0x08003d14      0x12c ./Drivers/STM32F1xx_HAL_Driver/Src/stm32f1xx_hal_i2c.o
 .text.I2C_RequestMemoryRead
                0x08003e40      0x1d0 ./Drivers/STM32F1xx_HAL_Driver/Src/stm32f1xx_hal_i2c.o
 .text.I2C_WaitOnFlagUntilTimeout
                0x08004010       0xf4 ./Drivers/STM32F1xx_HAL_Driver/Src/stm32f1xx_hal_i2c.o
 .text.I2C_WaitOnMasterAddressFlagUntilTimeout
                0x08004104      0x140 ./Drivers/STM32F1xx_HAL_Driver/Src/stm32f1xx_hal_i2c.o
 .text.I2C_WaitOnTXEFlagUntilTimeout
                0x08004244       0x90 ./Drivers/STM32F1xx_HAL_Driver/Src/stm32f1xx_hal_i2c.o
 .text.I2C_WaitOnBTFFlagUntilTimeout
                0x080042d4       0x90 ./Drivers/STM32F1xx_HAL_Driver/Src/stm32f1xx_hal_i2c.o
 .text.I2C_WaitOnRXNEFlagUntilTimeout
                0x08004364       0xba ./Drivers/STM32F1xx_HAL_Driver/Src/stm32f1xx_hal_i2c.o
 .text.I2C_IsAcknowledgeFailed
                0x0800441e       0x5c ./Drivers/STM32F1xx_HAL_Driver/Src/stm32f1xx_hal_i2c.o
 *fill*         0x0800447a        0x2 
 .text.HAL_RCC_OscConfig
                0x0800447c      0x504 ./Drivers/STM32F1xx_HAL_Driver/Src/stm32f1xx_hal_rcc.o
                0x0800447c                HAL_RCC_OscConfig
 .text.HAL_RCC_ClockConfig
                0x08004980      0x1d4 ./Drivers/STM32F1xx_HAL_Driver/Src/stm32f1xx_hal_rcc.o
                0x08004980                HAL_RCC_ClockConfig
 .text.HAL_RCC_GetSysClockFreq
                0x08004b54       0xa8 ./Drivers/STM32F1xx_HAL_Driver/Src/stm32f1xx_hal_rcc.o
                0x08004b54                HAL_RCC_GetSysClockFreq
 .text.HAL_RCC_GetHCLKFreq
                0x08004bfc       0x14 ./Drivers/STM32F1xx_HAL_Driver/Src/stm32f1xx_hal_rcc.o
                0x08004bfc                HAL_RCC_GetHCLKFreq
 .text.HAL_RCC_GetPCLK1Freq
                0x08004c10       0x28 ./Drivers/STM32F1xx_HAL_Driver/Src/stm32f1xx_hal_rcc.o
                0x08004c10                HAL_RCC_GetPCLK1Freq
 .text.HAL_RCC_GetPCLK2Freq
                0x08004c38       0x28 ./Drivers/STM32F1xx_HAL_Driver/Src/stm32f1xx_hal_rcc.o
                0x08004c38                HAL_RCC_GetPCLK2Freq
 .text.RCC_Delay
                0x08004c60       0x3c ./Drivers/STM32F1xx_HAL_Driver/Src/stm32f1xx_hal_rcc.o
 .text.HAL_TIM_Base_Init
                0x08004c9c       0x9e ./Drivers/STM32F1xx_HAL_Driver/Src/stm32f1xx_hal_tim.o
                0x08004c9c                HAL_TIM_Base_Init
 *fill*         0x08004d3a        0x2 
 .text.HAL_TIM_Base_Start_IT
                0x08004d3c       0xa4 ./Drivers/STM32F1xx_HAL_Driver/Src/stm32f1xx_hal_tim.o
                0x08004d3c                HAL_TIM_Base_Start_IT
 .text.HAL_TIM_PWM_Init
                0x08004de0       0x9e ./Drivers/STM32F1xx_HAL_Driver/Src/stm32f1xx_hal_tim.o
                0x08004de0                HAL_TIM_PWM_Init
 *fill*         0x08004e7e        0x2 
 .text.HAL_TIM_PWM_Start
                0x08004e80      0x144 ./Drivers/STM32F1xx_HAL_Driver/Src/stm32f1xx_hal_tim.o
                0x08004e80                HAL_TIM_PWM_Start
 .text.HAL_TIM_IRQHandler
                0x08004fc4      0x210 ./Drivers/STM32F1xx_HAL_Driver/Src/stm32f1xx_hal_tim.o
                0x08004fc4                HAL_TIM_IRQHandler
 .text.HAL_TIM_PWM_ConfigChannel
                0x080051d4      0x184 ./Drivers/STM32F1xx_HAL_Driver/Src/stm32f1xx_hal_tim.o
                0x080051d4                HAL_TIM_PWM_ConfigChannel
 .text.HAL_TIM_ConfigClockSource
                0x08005358      0x18e ./Drivers/STM32F1xx_HAL_Driver/Src/stm32f1xx_hal_tim.o
                0x08005358                HAL_TIM_ConfigClockSource
 .text.HAL_TIM_OC_DelayElapsedCallback
                0x080054e6       0x12 ./Drivers/STM32F1xx_HAL_Driver/Src/stm32f1xx_hal_tim.o
                0x080054e6                HAL_TIM_OC_DelayElapsedCallback
 .text.HAL_TIM_IC_CaptureCallback
                0x080054f8       0x12 ./Drivers/STM32F1xx_HAL_Driver/Src/stm32f1xx_hal_tim.o
                0x080054f8                HAL_TIM_IC_CaptureCallback
 .text.HAL_TIM_PWM_PulseFinishedCallback
                0x0800550a       0x12 ./Drivers/STM32F1xx_HAL_Driver/Src/stm32f1xx_hal_tim.o
                0x0800550a                HAL_TIM_PWM_PulseFinishedCallback
 .text.HAL_TIM_TriggerCallback
                0x0800551c       0x12 ./Drivers/STM32F1xx_HAL_Driver/Src/stm32f1xx_hal_tim.o
                0x0800551c                HAL_TIM_TriggerCallback
 *fill*         0x0800552e        0x2 
 .text.TIM_Base_SetConfig
                0x08005530       0xc4 ./Drivers/STM32F1xx_HAL_Driver/Src/stm32f1xx_hal_tim.o
                0x08005530                TIM_Base_SetConfig
 .text.TIM_OC1_SetConfig
                0x080055f4       0xcc ./Drivers/STM32F1xx_HAL_Driver/Src/stm32f1xx_hal_tim.o
 .text.TIM_OC2_SetConfig
                0x080056c0       0xd4 ./Drivers/STM32F1xx_HAL_Driver/Src/stm32f1xx_hal_tim.o
                0x080056c0                TIM_OC2_SetConfig
 .text.TIM_OC3_SetConfig
                0x08005794       0xd4 ./Drivers/STM32F1xx_HAL_Driver/Src/stm32f1xx_hal_tim.o
 .text.TIM_OC4_SetConfig
                0x08005868       0x9c ./Drivers/STM32F1xx_HAL_Driver/Src/stm32f1xx_hal_tim.o
 .text.TIM_TI1_ConfigInputStage
                0x08005904       0x5c ./Drivers/STM32F1xx_HAL_Driver/Src/stm32f1xx_hal_tim.o
 .text.TIM_TI2_ConfigInputStage
                0x08005960       0x5e ./Drivers/STM32F1xx_HAL_Driver/Src/stm32f1xx_hal_tim.o
 .text.TIM_ITRx_SetConfig
                0x080059be       0x34 ./Drivers/STM32F1xx_HAL_Driver/Src/stm32f1xx_hal_tim.o
 .text.TIM_ETR_SetConfig
                0x080059f2       0x3e ./Drivers/STM32F1xx_HAL_Driver/Src/stm32f1xx_hal_tim.o
                0x080059f2                TIM_ETR_SetConfig
 .text.TIM_CCxChannelCmd
                0x08005a30       0x48 ./Drivers/STM32F1xx_HAL_Driver/Src/stm32f1xx_hal_tim.o
                0x08005a30                TIM_CCxChannelCmd
 .text.HAL_TIMEx_MasterConfigSynchronization
                0x08005a78       0xbc ./Drivers/STM32F1xx_HAL_Driver/Src/stm32f1xx_hal_tim_ex.o
                0x08005a78                HAL_TIMEx_MasterConfigSynchronization
 .text.HAL_TIMEx_CommutCallback
                0x08005b34       0x12 ./Drivers/STM32F1xx_HAL_Driver/Src/stm32f1xx_hal_tim_ex.o
                0x08005b34                HAL_TIMEx_CommutCallback
 .text.HAL_TIMEx_BreakCallback
                0x08005b46       0x12 ./Drivers/STM32F1xx_HAL_Driver/Src/stm32f1xx_hal_tim_ex.o
                0x08005b46                HAL_TIMEx_BreakCallback
 .text.HAL_UART_Init
                0x08005b58       0xa0 ./Drivers/STM32F1xx_HAL_Driver/Src/stm32f1xx_hal_uart.o
                0x08005b58                HAL_UART_Init
 .text.UART_SetConfig
                0x08005bf8      0x11c ./Drivers/STM32F1xx_HAL_Driver/Src/stm32f1xx_hal_uart.o
 .text.memset   0x08005d14       0x10 E:/STM32CubeIDE_1.15.0/STM32CubeIDE/plugins/com.st.stm32cube.ide.mcu.externaltools.gnu-tools-for-stm32.12.3.rel1.win32_1.0.100.202403111256/tools/bin/../lib/gcc/arm-none-eabi/12.3.1/../../../../arm-none-eabi/lib/thumb/v7-m/nofp\libc_nano.a(libc_a-memset.o)
                0x08005d14                memset
 .text.__errno  0x08005d24        0xc E:/STM32CubeIDE_1.15.0/STM32CubeIDE/plugins/com.st.stm32cube.ide.mcu.externaltools.gnu-tools-for-stm32.12.3.rel1.win32_1.0.100.202403111256/tools/bin/../lib/gcc/arm-none-eabi/12.3.1/../../../../arm-none-eabi/lib/thumb/v7-m/nofp\libc_nano.a(libc_a-errno.o)
                0x08005d24                __errno
 .text.__libc_init_array
                0x08005d30       0x48 E:/STM32CubeIDE_1.15.0/STM32CubeIDE/plugins/com.st.stm32cube.ide.mcu.externaltools.gnu-tools-for-stm32.12.3.rel1.win32_1.0.100.202403111256/tools/bin/../lib/gcc/arm-none-eabi/12.3.1/../../../../arm-none-eabi/lib/thumb/v7-m/nofp\libc_nano.a(libc_a-init.o)
                0x08005d30                __libc_init_array
 .text.atan2    0x08005d78        0x4 E:/STM32CubeIDE_1.15.0/STM32CubeIDE/plugins/com.st.stm32cube.ide.mcu.externaltools.gnu-tools-for-stm32.12.3.rel1.win32_1.0.100.202403111256/tools/bin/../lib/gcc/arm-none-eabi/12.3.1/../../../../arm-none-eabi/lib/thumb/v7-m/nofp\libm.a(libm_a-w_atan2.o)
                0x08005d78                atan2
 .text.sqrt     0x08005d7c       0x48 E:/STM32CubeIDE_1.15.0/STM32CubeIDE/plugins/com.st.stm32cube.ide.mcu.externaltools.gnu-tools-for-stm32.12.3.rel1.win32_1.0.100.202403111256/tools/bin/../lib/gcc/arm-none-eabi/12.3.1/../../../../arm-none-eabi/lib/thumb/v7-m/nofp\libm.a(libm_a-w_sqrt.o)
                0x08005d7c                sqrt
 *fill*         0x08005dc4        0x4 
 .text.atan     0x08005dc8      0x320 E:/STM32CubeIDE_1.15.0/STM32CubeIDE/plugins/com.st.stm32cube.ide.mcu.externaltools.gnu-tools-for-stm32.12.3.rel1.win32_1.0.100.202403111256/tools/bin/../lib/gcc/arm-none-eabi/12.3.1/../../../../arm-none-eabi/lib/thumb/v7-m/nofp\libm.a(libm_a-s_atan.o)
                0x08005dc8                atan
 .text.fabs     0x080060e8        0x8 E:/STM32CubeIDE_1.15.0/STM32CubeIDE/plugins/com.st.stm32cube.ide.mcu.externaltools.gnu-tools-for-stm32.12.3.rel1.win32_1.0.100.202403111256/tools/bin/../lib/gcc/arm-none-eabi/12.3.1/../../../../arm-none-eabi/lib/thumb/v7-m/nofp\libm.a(libm_a-s_fabs.o)
                0x080060e8                fabs
 .text.__ieee754_sqrt
                0x080060f0      0x1ac E:/STM32CubeIDE_1.15.0/STM32CubeIDE/plugins/com.st.stm32cube.ide.mcu.externaltools.gnu-tools-for-stm32.12.3.rel1.win32_1.0.100.202403111256/tools/bin/../lib/gcc/arm-none-eabi/12.3.1/../../../../arm-none-eabi/lib/thumb/v7-m/nofp\libm.a(libm_a-e_sqrt.o)
                0x080060f0                __ieee754_sqrt
 *fill*         0x0800629c        0x4 
 .text.__ieee754_atan2
                0x080062a0      0x1a4 E:/STM32CubeIDE_1.15.0/STM32CubeIDE/plugins/com.st.stm32cube.ide.mcu.externaltools.gnu-tools-for-stm32.12.3.rel1.win32_1.0.100.202403111256/tools/bin/../lib/gcc/arm-none-eabi/12.3.1/../../../../arm-none-eabi/lib/thumb/v7-m/nofp\libm.a(libm_a-e_atan2.o)
                0x080062a0                __ieee754_atan2
 *(.glue_7)
 .glue_7        0x08006444        0x0 linker stubs
 *(.glue_7t)
 .glue_7t       0x08006444        0x0 linker stubs
 *(.eh_frame)
 .eh_frame      0x08006444        0x0 E:/STM32CubeIDE_1.15.0/STM32CubeIDE/plugins/com.st.stm32cube.ide.mcu.externaltools.gnu-tools-for-stm32.12.3.rel1.win32_1.0.100.202403111256/tools/bin/../lib/gcc/arm-none-eabi/12.3.1/thumb/v7-m/nofp/crtbegin.o
 *(.init)
 .init          0x08006444        0x4 E:/STM32CubeIDE_1.15.0/STM32CubeIDE/plugins/com.st.stm32cube.ide.mcu.externaltools.gnu-tools-for-stm32.12.3.rel1.win32_1.0.100.202403111256/tools/bin/../lib/gcc/arm-none-eabi/12.3.1/thumb/v7-m/nofp/crti.o
                0x08006444                _init
 .init          0x08006448        0x8 E:/STM32CubeIDE_1.15.0/STM32CubeIDE/plugins/com.st.stm32cube.ide.mcu.externaltools.gnu-tools-for-stm32.12.3.rel1.win32_1.0.100.202403111256/tools/bin/../lib/gcc/arm-none-eabi/12.3.1/thumb/v7-m/nofp/crtn.o
 *(.fini)
 .fini          0x08006450        0x4 E:/STM32CubeIDE_1.15.0/STM32CubeIDE/plugins/com.st.stm32cube.ide.mcu.externaltools.gnu-tools-for-stm32.12.3.rel1.win32_1.0.100.202403111256/tools/bin/../lib/gcc/arm-none-eabi/12.3.1/thumb/v7-m/nofp/crti.o
                0x08006450                _fini
 .fini          0x08006454        0x8 E:/STM32CubeIDE_1.15.0/STM32CubeIDE/plugins/com.st.stm32cube.ide.mcu.externaltools.gnu-tools-for-stm32.12.3.rel1.win32_1.0.100.202403111256/tools/bin/../lib/gcc/arm-none-eabi/12.3.1/thumb/v7-m/nofp/crtn.o
                0x0800645c                        . = ALIGN (0x4)
                0x0800645c                        _etext = .

.vfp11_veneer   0x0800645c        0x0
 .vfp11_veneer  0x0800645c        0x0 linker stubs

.v4_bx          0x0800645c        0x0
 .v4_bx         0x0800645c        0x0 linker stubs

.iplt           0x0800645c        0x0
 .iplt          0x0800645c        0x0 E:/STM32CubeIDE_1.15.0/STM32CubeIDE/plugins/com.st.stm32cube.ide.mcu.externaltools.gnu-tools-for-stm32.12.3.rel1.win32_1.0.100.202403111256/tools/bin/../lib/gcc/arm-none-eabi/12.3.1/thumb/v7-m/nofp/crtbegin.o

.rodata         0x08006460       0xa0
                0x08006460                        . = ALIGN (0x4)
 *(.rodata)
 *(.rodata*)
 .rodata.AHBPrescTable
                0x08006460       0x10 ./Core/Src/system_stm32f1xx.o
                0x08006460                AHBPrescTable
 .rodata.APBPrescTable
                0x08006470        0x8 ./Core/Src/system_stm32f1xx.o
                0x08006470                APBPrescTable
 .rodata.aPLLMULFactorTable.1
                0x08006478       0x10 ./Drivers/STM32F1xx_HAL_Driver/Src/stm32f1xx_hal_rcc.o
 .rodata.aPredivFactorTable.0
                0x08006488        0x2 ./Drivers/STM32F1xx_HAL_Driver/Src/stm32f1xx_hal_rcc.o
 *fill*         0x0800648a        0x6 
 .rodata.atanlo
                0x08006490       0x20 E:/STM32CubeIDE_1.15.0/STM32CubeIDE/plugins/com.st.stm32cube.ide.mcu.externaltools.gnu-tools-for-stm32.12.3.rel1.win32_1.0.100.202403111256/tools/bin/../lib/gcc/arm-none-eabi/12.3.1/../../../../arm-none-eabi/lib/thumb/v7-m/nofp\libm.a(libm_a-s_atan.o)
 .rodata.atanhi
                0x080064b0       0x20 E:/STM32CubeIDE_1.15.0/STM32CubeIDE/plugins/com.st.stm32cube.ide.mcu.externaltools.gnu-tools-for-stm32.12.3.rel1.win32_1.0.100.202403111256/tools/bin/../lib/gcc/arm-none-eabi/12.3.1/../../../../arm-none-eabi/lib/thumb/v7-m/nofp\libm.a(libm_a-s_atan.o)
 .rodata.CSWTCH.9
                0x080064d0       0x18 E:/STM32CubeIDE_1.15.0/STM32CubeIDE/plugins/com.st.stm32cube.ide.mcu.externaltools.gnu-tools-for-stm32.12.3.rel1.win32_1.0.100.202403111256/tools/bin/../lib/gcc/arm-none-eabi/12.3.1/../../../../arm-none-eabi/lib/thumb/v7-m/nofp\libm.a(libm_a-e_atan2.o)
 .rodata.CSWTCH.8
                0x080064e8       0x18 E:/STM32CubeIDE_1.15.0/STM32CubeIDE/plugins/com.st.stm32cube.ide.mcu.externaltools.gnu-tools-for-stm32.12.3.rel1.win32_1.0.100.202403111256/tools/bin/../lib/gcc/arm-none-eabi/12.3.1/../../../../arm-none-eabi/lib/thumb/v7-m/nofp\libm.a(libm_a-e_atan2.o)
                0x08006500                        . = ALIGN (0x4)

.ARM.extab      0x08006500        0x0
                0x08006500                        . = ALIGN (0x4)
 *(.ARM.extab* .gnu.linkonce.armextab.*)
                0x08006500                        . = ALIGN (0x4)

.ARM            0x08006500        0x0
                0x08006500                        . = ALIGN (0x4)
                0x08006500                        __exidx_start = .
 *(.ARM.exidx*)
                0x08006500                        __exidx_end = .
                0x08006500                        . = ALIGN (0x4)

.preinit_array  0x08006500        0x0
                0x08006500                        . = ALIGN (0x4)
                0x08006500                        PROVIDE (__preinit_array_start = .)
 *(.preinit_array*)
                0x08006500                        PROVIDE (__preinit_array_end = .)
                0x08006500                        . = ALIGN (0x4)

.init_array     0x08006500        0x4
                0x08006500                        . = ALIGN (0x4)
                0x08006500                        PROVIDE (__init_array_start = .)
 *(SORT_BY_NAME(.init_array.*))
 *(.init_array*)
 .init_array    0x08006500        0x4 E:/STM32CubeIDE_1.15.0/STM32CubeIDE/plugins/com.st.stm32cube.ide.mcu.externaltools.gnu-tools-for-stm32.12.3.rel1.win32_1.0.100.202403111256/tools/bin/../lib/gcc/arm-none-eabi/12.3.1/thumb/v7-m/nofp/crtbegin.o
                0x08006504                        PROVIDE (__init_array_end = .)
                0x08006504                        . = ALIGN (0x4)

.fini_array     0x08006504        0x4
                0x08006504                        . = ALIGN (0x4)
                [!provide]                        PROVIDE (__fini_array_start = .)
 *(SORT_BY_NAME(.fini_array.*))
 *(.fini_array*)
 .fini_array    0x08006504        0x4 E:/STM32CubeIDE_1.15.0/STM32CubeIDE/plugins/com.st.stm32cube.ide.mcu.externaltools.gnu-tools-for-stm32.12.3.rel1.win32_1.0.100.202403111256/tools/bin/../lib/gcc/arm-none-eabi/12.3.1/thumb/v7-m/nofp/crtbegin.o
                [!provide]                        PROVIDE (__fini_array_end = .)
                0x08006508                        . = ALIGN (0x4)
                0x08006508                        _sidata = LOADADDR (.data)

.rel.dyn        0x08006508        0x0
 .rel.iplt      0x08006508        0x0 E:/STM32CubeIDE_1.15.0/STM32CubeIDE/plugins/com.st.stm32cube.ide.mcu.externaltools.gnu-tools-for-stm32.12.3.rel1.win32_1.0.100.202403111256/tools/bin/../lib/gcc/arm-none-eabi/12.3.1/thumb/v7-m/nofp/crtbegin.o

.data           0x20000000      0x100 load address 0x08006508
                0x20000000                        . = ALIGN (0x4)
                0x20000000                        _sdata = .
 *(.data)
 *(.data*)
 .data.KalmanX  0x20000000       0x48 ./Core/Src/mpu6050.o
                0x20000000                KalmanX
 .data.KalmanY  0x20000048       0x48 ./Core/Src/mpu6050.o
                0x20000048                KalmanY
 .data.SystemCoreClock
                0x20000090        0x4 ./Core/Src/system_stm32f1xx.o
                0x20000090                SystemCoreClock
 .data.uwTickPrio
                0x20000094        0x4 ./Drivers/STM32F1xx_HAL_Driver/Src/stm32f1xx_hal.o
                0x20000094                uwTickPrio
 .data.uwTickFreq
                0x20000098        0x1 ./Drivers/STM32F1xx_HAL_Driver/Src/stm32f1xx_hal.o
                0x20000098                uwTickFreq
 *fill*         0x20000099        0x3 
 .data._impure_ptr
                0x2000009c        0x4 E:/STM32CubeIDE_1.15.0/STM32CubeIDE/plugins/com.st.stm32cube.ide.mcu.externaltools.gnu-tools-for-stm32.12.3.rel1.win32_1.0.100.202403111256/tools/bin/../lib/gcc/arm-none-eabi/12.3.1/../../../../arm-none-eabi/lib/thumb/v7-m/nofp\libc_nano.a(libc_a-impure.o)
                0x2000009c                _impure_ptr
 .data._impure_data
                0x200000a0       0x4c E:/STM32CubeIDE_1.15.0/STM32CubeIDE/plugins/com.st.stm32cube.ide.mcu.externaltools.gnu-tools-for-stm32.12.3.rel1.win32_1.0.100.202403111256/tools/bin/../lib/gcc/arm-none-eabi/12.3.1/../../../../arm-none-eabi/lib/thumb/v7-m/nofp\libc_nano.a(libc_a-impure.o)
                0x200000a0                _impure_data
 *fill*         0x200000ec        0x4 
 .data.tiny     0x200000f0        0x8 E:/STM32CubeIDE_1.15.0/STM32CubeIDE/plugins/com.st.stm32cube.ide.mcu.externaltools.gnu-tools-for-stm32.12.3.rel1.win32_1.0.100.202403111256/tools/bin/../lib/gcc/arm-none-eabi/12.3.1/../../../../arm-none-eabi/lib/thumb/v7-m/nofp\libm.a(libm_a-e_sqrt.o)
 .data.one      0x200000f8        0x8 E:/STM32CubeIDE_1.15.0/STM32CubeIDE/plugins/com.st.stm32cube.ide.mcu.externaltools.gnu-tools-for-stm32.12.3.rel1.win32_1.0.100.202403111256/tools/bin/../lib/gcc/arm-none-eabi/12.3.1/../../../../arm-none-eabi/lib/thumb/v7-m/nofp\libm.a(libm_a-e_sqrt.o)
 *(.RamFunc)
 *(.RamFunc*)
                0x20000100                        . = ALIGN (0x4)
                0x20000100                        _edata = .

.igot.plt       0x20000100        0x0 load address 0x08006608
 .igot.plt      0x20000100        0x0 E:/STM32CubeIDE_1.15.0/STM32CubeIDE/plugins/com.st.stm32cube.ide.mcu.externaltools.gnu-tools-for-stm32.12.3.rel1.win32_1.0.100.202403111256/tools/bin/../lib/gcc/arm-none-eabi/12.3.1/thumb/v7-m/nofp/crtbegin.o
                0x20000100                        . = ALIGN (0x4)

.bss            0x20000100      0x368 load address 0x08006608
                0x20000100                        _sbss = .
                0x20000100                        __bss_start__ = _sbss
 *(.bss)
 .bss           0x20000100       0x1c E:/STM32CubeIDE_1.15.0/STM32CubeIDE/plugins/com.st.stm32cube.ide.mcu.externaltools.gnu-tools-for-stm32.12.3.rel1.win32_1.0.100.202403111256/tools/bin/../lib/gcc/arm-none-eabi/12.3.1/thumb/v7-m/nofp/crtbegin.o
 *(.bss*)
 .bss.c1        0x2000011c        0x4 ./Core/Src/fuzzy.o
                0x2000011c                c1
 .bss.c2        0x20000120        0x4 ./Core/Src/fuzzy.o
                0x20000120                c2
 .bss.c3        0x20000124        0x4 ./Core/Src/fuzzy.o
                0x20000124                c3
 .bss.d1        0x20000128        0x4 ./Core/Src/fuzzy.o
                0x20000128                d1
 .bss.d2        0x2000012c        0x4 ./Core/Src/fuzzy.o
                0x2000012c                d2
 .bss.d3        0x20000130        0x4 ./Core/Src/fuzzy.o
                0x20000130                d3
 .bss.u_S       0x20000134        0x4 ./Core/Src/fuzzy.o
                0x20000134                u_S
 .bss.u_M       0x20000138        0x4 ./Core/Src/fuzzy.o
                0x20000138                u_M
 .bss.u_B       0x2000013c        0x4 ./Core/Src/fuzzy.o
                0x2000013c                u_B
 .bss.hi2c1     0x20000140       0x54 ./Core/Src/main.o
                0x20000140                hi2c1
 .bss.htim1     0x20000194       0x48 ./Core/Src/main.o
                0x20000194                htim1
 .bss.htim3     0x200001dc       0x48 ./Core/Src/main.o
                0x200001dc                htim3
 .bss.htim4     0x20000224       0x48 ./Core/Src/main.o
                0x20000224                htim4
 .bss.huart1    0x2000026c       0x48 ./Core/Src/main.o
                0x2000026c                huart1
 *fill*         0x200002b4        0x4 
 .bss.MPU6050   0x200002b8       0x58 ./Core/Src/main.o
                0x200002b8                MPU6050
 .bss.Parameters
                0x20000310       0x14 ./Core/Src/main.o
                0x20000310                Parameters
 .bss.forward   0x20000324        0x1 ./Core/Src/main.o
                0x20000324                forward
 .bss.reverse   0x20000325        0x1 ./Core/Src/main.o
                0x20000325                reverse
 *fill*         0x20000326        0x2 
 .bss.timer     0x20000328        0x4 ./Core/Src/mpu6050.o
                0x20000328                timer
 .bss.uwTick    0x2000032c        0x4 ./Drivers/STM32F1xx_HAL_Driver/Src/stm32f1xx_hal.o
                0x2000032c                uwTick
 .bss.__sf      0x20000330      0x138 E:/STM32CubeIDE_1.15.0/STM32CubeIDE/plugins/com.st.stm32cube.ide.mcu.externaltools.gnu-tools-for-stm32.12.3.rel1.win32_1.0.100.202403111256/tools/bin/../lib/gcc/arm-none-eabi/12.3.1/../../../../arm-none-eabi/lib/thumb/v7-m/nofp\libc_nano.a(libc_a-findfp.o)
                0x20000330                __sf
 *(COMMON)
                0x20000468                        . = ALIGN (0x4)
                0x20000468                        _ebss = .
                0x20000468                        __bss_end__ = _ebss

._user_heap_stack
                0x20000468      0x600 load address 0x08006608
                0x20000468                        . = ALIGN (0x8)
                [!provide]                        PROVIDE (end = .)
                0x20000468                        PROVIDE (_end = .)
                0x20000668                        . = (. + _Min_Heap_Size)
 *fill*         0x20000468      0x200 
                0x20000a68                        . = (. + _Min_Stack_Size)
 *fill*         0x20000668      0x400 
                0x20000a68                        . = ALIGN (0x8)

/DISCARD/
 libc.a(*)
 libm.a(*)
 libgcc.a(*)

.ARM.attributes
                0x00000000       0x29
 *(.ARM.attributes)
 .ARM.attributes
                0x00000000       0x1d E:/STM32CubeIDE_1.15.0/STM32CubeIDE/plugins/com.st.stm32cube.ide.mcu.externaltools.gnu-tools-for-stm32.12.3.rel1.win32_1.0.100.202403111256/tools/bin/../lib/gcc/arm-none-eabi/12.3.1/thumb/v7-m/nofp/crti.o
 .ARM.attributes
                0x0000001d       0x2d E:/STM32CubeIDE_1.15.0/STM32CubeIDE/plugins/com.st.stm32cube.ide.mcu.externaltools.gnu-tools-for-stm32.12.3.rel1.win32_1.0.100.202403111256/tools/bin/../lib/gcc/arm-none-eabi/12.3.1/thumb/v7-m/nofp/crtbegin.o
 .ARM.attributes
                0x0000004a       0x2d ./Core/Src/fuzzy.o
 .ARM.attributes
                0x00000077       0x2d ./Core/Src/main.o
 .ARM.attributes
                0x000000a4       0x2d ./Core/Src/mpu6050.o
 .ARM.attributes
                0x000000d1       0x2d ./Core/Src/stm32f1xx_hal_msp.o
 .ARM.attributes
                0x000000fe       0x2d ./Core/Src/stm32f1xx_it.o
 .ARM.attributes
                0x0000012b       0x2d ./Core/Src/system_stm32f1xx.o
 .ARM.attributes
                0x00000158       0x21 ./Core/Startup/startup_stm32f103c8tx.o
 .ARM.attributes
                0x00000179       0x2d ./Drivers/STM32F1xx_HAL_Driver/Src/stm32f1xx_hal.o
 .ARM.attributes
                0x000001a6       0x2d ./Drivers/STM32F1xx_HAL_Driver/Src/stm32f1xx_hal_cortex.o
 .ARM.attributes
                0x000001d3       0x2d ./Drivers/STM32F1xx_HAL_Driver/Src/stm32f1xx_hal_gpio.o
 .ARM.attributes
                0x00000200       0x2d ./Drivers/STM32F1xx_HAL_Driver/Src/stm32f1xx_hal_i2c.o
 .ARM.attributes
                0x0000022d       0x2d ./Drivers/STM32F1xx_HAL_Driver/Src/stm32f1xx_hal_rcc.o
 .ARM.attributes
                0x0000025a       0x2d ./Drivers/STM32F1xx_HAL_Driver/Src/stm32f1xx_hal_tim.o
 .ARM.attributes
                0x00000287       0x2d ./Drivers/STM32F1xx_HAL_Driver/Src/stm32f1xx_hal_tim_ex.o
 .ARM.attributes
                0x000002b4       0x2d ./Drivers/STM32F1xx_HAL_Driver/Src/stm32f1xx_hal_uart.o
 .ARM.attributes
                0x000002e1       0x2d E:/STM32CubeIDE_1.15.0/STM32CubeIDE/plugins/com.st.stm32cube.ide.mcu.externaltools.gnu-tools-for-stm32.12.3.rel1.win32_1.0.100.202403111256/tools/bin/../lib/gcc/arm-none-eabi/12.3.1/../../../../arm-none-eabi/lib/thumb/v7-m/nofp\libc_nano.a(libc_a-findfp.o)
 .ARM.attributes
                0x0000030e       0x2d E:/STM32CubeIDE_1.15.0/STM32CubeIDE/plugins/com.st.stm32cube.ide.mcu.externaltools.gnu-tools-for-stm32.12.3.rel1.win32_1.0.100.202403111256/tools/bin/../lib/gcc/arm-none-eabi/12.3.1/../../../../arm-none-eabi/lib/thumb/v7-m/nofp\libc_nano.a(libc_a-memset.o)
 .ARM.attributes
                0x0000033b       0x2d E:/STM32CubeIDE_1.15.0/STM32CubeIDE/plugins/com.st.stm32cube.ide.mcu.externaltools.gnu-tools-for-stm32.12.3.rel1.win32_1.0.100.202403111256/tools/bin/../lib/gcc/arm-none-eabi/12.3.1/../../../../arm-none-eabi/lib/thumb/v7-m/nofp\libc_nano.a(libc_a-impure.o)
 .ARM.attributes
                0x00000368       0x2d E:/STM32CubeIDE_1.15.0/STM32CubeIDE/plugins/com.st.stm32cube.ide.mcu.externaltools.gnu-tools-for-stm32.12.3.rel1.win32_1.0.100.202403111256/tools/bin/../lib/gcc/arm-none-eabi/12.3.1/../../../../arm-none-eabi/lib/thumb/v7-m/nofp\libc_nano.a(libc_a-errno.o)
 .ARM.attributes
                0x00000395       0x2d E:/STM32CubeIDE_1.15.0/STM32CubeIDE/plugins/com.st.stm32cube.ide.mcu.externaltools.gnu-tools-for-stm32.12.3.rel1.win32_1.0.100.202403111256/tools/bin/../lib/gcc/arm-none-eabi/12.3.1/../../../../arm-none-eabi/lib/thumb/v7-m/nofp\libc_nano.a(libc_a-init.o)
 .ARM.attributes
                0x000003c2       0x2d E:/STM32CubeIDE_1.15.0/STM32CubeIDE/plugins/com.st.stm32cube.ide.mcu.externaltools.gnu-tools-for-stm32.12.3.rel1.win32_1.0.100.202403111256/tools/bin/../lib/gcc/arm-none-eabi/12.3.1/../../../../arm-none-eabi/lib/thumb/v7-m/nofp\libm.a(libm_a-w_atan2.o)
 .ARM.attributes
                0x000003ef       0x2d E:/STM32CubeIDE_1.15.0/STM32CubeIDE/plugins/com.st.stm32cube.ide.mcu.externaltools.gnu-tools-for-stm32.12.3.rel1.win32_1.0.100.202403111256/tools/bin/../lib/gcc/arm-none-eabi/12.3.1/../../../../arm-none-eabi/lib/thumb/v7-m/nofp\libm.a(libm_a-w_sqrt.o)
 .ARM.attributes
                0x0000041c       0x2d E:/STM32CubeIDE_1.15.0/STM32CubeIDE/plugins/com.st.stm32cube.ide.mcu.externaltools.gnu-tools-for-stm32.12.3.rel1.win32_1.0.100.202403111256/tools/bin/../lib/gcc/arm-none-eabi/12.3.1/../../../../arm-none-eabi/lib/thumb/v7-m/nofp\libm.a(libm_a-s_atan.o)
 .ARM.attributes
                0x00000449       0x2d E:/STM32CubeIDE_1.15.0/STM32CubeIDE/plugins/com.st.stm32cube.ide.mcu.externaltools.gnu-tools-for-stm32.12.3.rel1.win32_1.0.100.202403111256/tools/bin/../lib/gcc/arm-none-eabi/12.3.1/../../../../arm-none-eabi/lib/thumb/v7-m/nofp\libm.a(libm_a-s_fabs.o)
 .ARM.attributes
                0x00000476       0x2d E:/STM32CubeIDE_1.15.0/STM32CubeIDE/plugins/com.st.stm32cube.ide.mcu.externaltools.gnu-tools-for-stm32.12.3.rel1.win32_1.0.100.202403111256/tools/bin/../lib/gcc/arm-none-eabi/12.3.1/../../../../arm-none-eabi/lib/thumb/v7-m/nofp\libm.a(libm_a-e_sqrt.o)
 .ARM.attributes
                0x000004a3       0x2d E:/STM32CubeIDE_1.15.0/STM32CubeIDE/plugins/com.st.stm32cube.ide.mcu.externaltools.gnu-tools-for-stm32.12.3.rel1.win32_1.0.100.202403111256/tools/bin/../lib/gcc/arm-none-eabi/12.3.1/../../../../arm-none-eabi/lib/thumb/v7-m/nofp\libm.a(libm_a-e_atan2.o)
 .ARM.attributes
                0x000004d0       0x1d E:/STM32CubeIDE_1.15.0/STM32CubeIDE/plugins/com.st.stm32cube.ide.mcu.externaltools.gnu-tools-for-stm32.12.3.rel1.win32_1.0.100.202403111256/tools/bin/../lib/gcc/arm-none-eabi/12.3.1/thumb/v7-m/nofp\libgcc.a(_arm_addsubdf3.o)
 .ARM.attributes
                0x000004ed       0x1d E:/STM32CubeIDE_1.15.0/STM32CubeIDE/plugins/com.st.stm32cube.ide.mcu.externaltools.gnu-tools-for-stm32.12.3.rel1.win32_1.0.100.202403111256/tools/bin/../lib/gcc/arm-none-eabi/12.3.1/thumb/v7-m/nofp\libgcc.a(_arm_muldivdf3.o)
 .ARM.attributes
                0x0000050a       0x1d E:/STM32CubeIDE_1.15.0/STM32CubeIDE/plugins/com.st.stm32cube.ide.mcu.externaltools.gnu-tools-for-stm32.12.3.rel1.win32_1.0.100.202403111256/tools/bin/../lib/gcc/arm-none-eabi/12.3.1/thumb/v7-m/nofp\libgcc.a(_arm_cmpdf2.o)
 .ARM.attributes
                0x00000527       0x1d E:/STM32CubeIDE_1.15.0/STM32CubeIDE/plugins/com.st.stm32cube.ide.mcu.externaltools.gnu-tools-for-stm32.12.3.rel1.win32_1.0.100.202403111256/tools/bin/../lib/gcc/arm-none-eabi/12.3.1/thumb/v7-m/nofp\libgcc.a(_arm_unorddf2.o)
 .ARM.attributes
                0x00000544       0x1d E:/STM32CubeIDE_1.15.0/STM32CubeIDE/plugins/com.st.stm32cube.ide.mcu.externaltools.gnu-tools-for-stm32.12.3.rel1.win32_1.0.100.202403111256/tools/bin/../lib/gcc/arm-none-eabi/12.3.1/thumb/v7-m/nofp\libgcc.a(_arm_fixunsdfsi.o)
 .ARM.attributes
                0x00000561       0x1d E:/STM32CubeIDE_1.15.0/STM32CubeIDE/plugins/com.st.stm32cube.ide.mcu.externaltools.gnu-tools-for-stm32.12.3.rel1.win32_1.0.100.202403111256/tools/bin/../lib/gcc/arm-none-eabi/12.3.1/thumb/v7-m/nofp\libgcc.a(_arm_truncdfsf2.o)
 .ARM.attributes
                0x0000057e       0x1d E:/STM32CubeIDE_1.15.0/STM32CubeIDE/plugins/com.st.stm32cube.ide.mcu.externaltools.gnu-tools-for-stm32.12.3.rel1.win32_1.0.100.202403111256/tools/bin/../lib/gcc/arm-none-eabi/12.3.1/thumb/v7-m/nofp\libgcc.a(_arm_addsubsf3.o)
 .ARM.attributes
                0x0000059b       0x1d E:/STM32CubeIDE_1.15.0/STM32CubeIDE/plugins/com.st.stm32cube.ide.mcu.externaltools.gnu-tools-for-stm32.12.3.rel1.win32_1.0.100.202403111256/tools/bin/../lib/gcc/arm-none-eabi/12.3.1/thumb/v7-m/nofp\libgcc.a(_arm_muldivsf3.o)
 .ARM.attributes
                0x000005b8       0x1d E:/STM32CubeIDE_1.15.0/STM32CubeIDE/plugins/com.st.stm32cube.ide.mcu.externaltools.gnu-tools-for-stm32.12.3.rel1.win32_1.0.100.202403111256/tools/bin/../lib/gcc/arm-none-eabi/12.3.1/thumb/v7-m/nofp\libgcc.a(_arm_cmpsf2.o)
 .ARM.attributes
                0x000005d5       0x1d E:/STM32CubeIDE_1.15.0/STM32CubeIDE/plugins/com.st.stm32cube.ide.mcu.externaltools.gnu-tools-for-stm32.12.3.rel1.win32_1.0.100.202403111256/tools/bin/../lib/gcc/arm-none-eabi/12.3.1/thumb/v7-m/nofp\libgcc.a(_arm_fixunssfsi.o)
 .ARM.attributes
                0x000005f2       0x1d E:/STM32CubeIDE_1.15.0/STM32CubeIDE/plugins/com.st.stm32cube.ide.mcu.externaltools.gnu-tools-for-stm32.12.3.rel1.win32_1.0.100.202403111256/tools/bin/../lib/gcc/arm-none-eabi/12.3.1/thumb/v7-m/nofp/crtn.o
OUTPUT(Fuzzy_Balancing_Robot.elf elf32-littlearm)
LOAD linker stubs
LOAD E:/STM32CubeIDE_1.15.0/STM32CubeIDE/plugins/com.st.stm32cube.ide.mcu.externaltools.gnu-tools-for-stm32.12.3.rel1.win32_1.0.100.202403111256/tools/bin/../lib/gcc/arm-none-eabi/12.3.1/../../../../arm-none-eabi/lib/thumb/v7-m/nofp\libc.a
LOAD E:/STM32CubeIDE_1.15.0/STM32CubeIDE/plugins/com.st.stm32cube.ide.mcu.externaltools.gnu-tools-for-stm32.12.3.rel1.win32_1.0.100.202403111256/tools/bin/../lib/gcc/arm-none-eabi/12.3.1/../../../../arm-none-eabi/lib/thumb/v7-m/nofp\libm.a
LOAD E:/STM32CubeIDE_1.15.0/STM32CubeIDE/plugins/com.st.stm32cube.ide.mcu.externaltools.gnu-tools-for-stm32.12.3.rel1.win32_1.0.100.202403111256/tools/bin/../lib/gcc/arm-none-eabi/12.3.1/thumb/v7-m/nofp\libgcc.a

.debug_info     0x00000000     0xefa1
 .debug_info    0x00000000      0x41e ./Core/Src/fuzzy.o
 .debug_info    0x0000041e     0x14e7 ./Core/Src/main.o
 .debug_info    0x00001905      0xa99 ./Core/Src/mpu6050.o
 .debug_info    0x0000239e     0x1172 ./Core/Src/stm32f1xx_hal_msp.o
 .debug_info    0x00003510      0x6a1 ./Core/Src/stm32f1xx_it.o
 .debug_info    0x00003bb1      0x222 ./Core/Src/system_stm32f1xx.o
 .debug_info    0x00003dd3       0x30 ./Core/Startup/startup_stm32f103c8tx.o
 .debug_info    0x00003e03      0x704 ./Drivers/STM32F1xx_HAL_Driver/Src/stm32f1xx_hal.o
 .debug_info    0x00004507      0xa87 ./Drivers/STM32F1xx_HAL_Driver/Src/stm32f1xx_hal_cortex.o
 .debug_info    0x00004f8e      0x5ab ./Drivers/STM32F1xx_HAL_Driver/Src/stm32f1xx_hal_gpio.o
 .debug_info    0x00005539     0x2515 ./Drivers/STM32F1xx_HAL_Driver/Src/stm32f1xx_hal_i2c.o
 .debug_info    0x00007a4e      0x7d5 ./Drivers/STM32F1xx_HAL_Driver/Src/stm32f1xx_hal_rcc.o
 .debug_info    0x00008223     0x293b ./Drivers/STM32F1xx_HAL_Driver/Src/stm32f1xx_hal_tim.o
 .debug_info    0x0000ab5e     0x149b ./Drivers/STM32F1xx_HAL_Driver/Src/stm32f1xx_hal_tim_ex.o
 .debug_info    0x0000bff9     0x2fa8 ./Drivers/STM32F1xx_HAL_Driver/Src/stm32f1xx_hal_uart.o

.debug_abbrev   0x00000000     0x1fcc
 .debug_abbrev  0x00000000      0x15f ./Core/Src/fuzzy.o
 .debug_abbrev  0x0000015f      0x2fb ./Core/Src/main.o
 .debug_abbrev  0x0000045a      0x220 ./Core/Src/mpu6050.o
 .debug_abbrev  0x0000067a      0x254 ./Core/Src/stm32f1xx_hal_msp.o
 .debug_abbrev  0x000008ce      0x191 ./Core/Src/stm32f1xx_it.o
 .debug_abbrev  0x00000a5f      0x13f ./Core/Src/system_stm32f1xx.o
 .debug_abbrev  0x00000b9e       0x24 ./Core/Startup/startup_stm32f103c8tx.o
 .debug_abbrev  0x00000bc2      0x201 ./Drivers/STM32F1xx_HAL_Driver/Src/stm32f1xx_hal.o
 .debug_abbrev  0x00000dc3      0x2f8 ./Drivers/STM32F1xx_HAL_Driver/Src/stm32f1xx_hal_cortex.o
 .debug_abbrev  0x000010bb      0x1ca ./Drivers/STM32F1xx_HAL_Driver/Src/stm32f1xx_hal_gpio.o
 .debug_abbrev  0x00001285      0x2a3 ./Drivers/STM32F1xx_HAL_Driver/Src/stm32f1xx_hal_i2c.o
 .debug_abbrev  0x00001528      0x2b3 ./Drivers/STM32F1xx_HAL_Driver/Src/stm32f1xx_hal_rcc.o
 .debug_abbrev  0x000017db      0x277 ./Drivers/STM32F1xx_HAL_Driver/Src/stm32f1xx_hal_tim.o
 .debug_abbrev  0x00001a52      0x282 ./Drivers/STM32F1xx_HAL_Driver/Src/stm32f1xx_hal_tim_ex.o
 .debug_abbrev  0x00001cd4      0x2f8 ./Drivers/STM32F1xx_HAL_Driver/Src/stm32f1xx_hal_uart.o

.debug_aranges  0x00000000      0xef8
 .debug_aranges
                0x00000000       0x48 ./Core/Src/fuzzy.o
 .debug_aranges
                0x00000048       0x98 ./Core/Src/main.o
 .debug_aranges
                0x000000e0       0x48 ./Core/Src/mpu6050.o
 .debug_aranges
                0x00000128       0x68 ./Core/Src/stm32f1xx_hal_msp.o
 .debug_aranges
                0x00000190       0x68 ./Core/Src/stm32f1xx_it.o
 .debug_aranges
                0x000001f8       0x28 ./Core/Src/system_stm32f1xx.o
 .debug_aranges
                0x00000220       0x28 ./Core/Startup/startup_stm32f103c8tx.o
 .debug_aranges
                0x00000248       0xe0 ./Drivers/STM32F1xx_HAL_Driver/Src/stm32f1xx_hal.o
 .debug_aranges
                0x00000328      0x100 ./Drivers/STM32F1xx_HAL_Driver/Src/stm32f1xx_hal_cortex.o
 .debug_aranges
                0x00000428       0x58 ./Drivers/STM32F1xx_HAL_Driver/Src/stm32f1xx_hal_gpio.o
 .debug_aranges
                0x00000480      0x2a8 ./Drivers/STM32F1xx_HAL_Driver/Src/stm32f1xx_hal_i2c.o
 .debug_aranges
                0x00000728       0x90 ./Drivers/STM32F1xx_HAL_Driver/Src/stm32f1xx_hal_rcc.o
 .debug_aranges
                0x000007b8      0x3d0 ./Drivers/STM32F1xx_HAL_Driver/Src/stm32f1xx_hal_tim.o
 .debug_aranges
                0x00000b88      0x168 ./Drivers/STM32F1xx_HAL_Driver/Src/stm32f1xx_hal_tim_ex.o
 .debug_aranges
                0x00000cf0      0x208 ./Drivers/STM32F1xx_HAL_Driver/Src/stm32f1xx_hal_uart.o

.debug_rnglists
                0x00000000      0xbe7
 .debug_rnglists
                0x00000000       0x34 ./Core/Src/fuzzy.o
 .debug_rnglists
                0x00000034       0x75 ./Core/Src/main.o
 .debug_rnglists
                0x000000a9       0x36 ./Core/Src/mpu6050.o
 .debug_rnglists
                0x000000df       0x4c ./Core/Src/stm32f1xx_hal_msp.o
 .debug_rnglists
                0x0000012b       0x49 ./Core/Src/stm32f1xx_it.o
 .debug_rnglists
                0x00000174       0x1a ./Core/Src/system_stm32f1xx.o
 .debug_rnglists
                0x0000018e       0x19 ./Core/Startup/startup_stm32f103c8tx.o
 .debug_rnglists
                0x000001a7       0xa3 ./Drivers/STM32F1xx_HAL_Driver/Src/stm32f1xx_hal.o
 .debug_rnglists
                0x0000024a       0xbb ./Drivers/STM32F1xx_HAL_Driver/Src/stm32f1xx_hal_cortex.o
 .debug_rnglists
                0x00000305       0x3f ./Drivers/STM32F1xx_HAL_Driver/Src/stm32f1xx_hal_gpio.o
 .debug_rnglists
                0x00000344      0x23c ./Drivers/STM32F1xx_HAL_Driver/Src/stm32f1xx_hal_i2c.o
 .debug_rnglists
                0x00000580       0x6c ./Drivers/STM32F1xx_HAL_Driver/Src/stm32f1xx_hal_rcc.o
 .debug_rnglists
                0x000005ec      0x31a ./Drivers/STM32F1xx_HAL_Driver/Src/stm32f1xx_hal_tim.o
 .debug_rnglists
                0x00000906      0x125 ./Drivers/STM32F1xx_HAL_Driver/Src/stm32f1xx_hal_tim_ex.o
 .debug_rnglists
                0x00000a2b      0x1bc ./Drivers/STM32F1xx_HAL_Driver/Src/stm32f1xx_hal_uart.o

.debug_macro    0x00000000    0x17d65
 .debug_macro   0x00000000       0x24 ./Core/Src/fuzzy.o
 .debug_macro   0x00000024      0xaa8 ./Core/Src/fuzzy.o
 .debug_macro   0x00000acc       0x58 ./Core/Src/fuzzy.o
 .debug_macro   0x00000b24      0x1fe ./Core/Src/main.o
 .debug_macro   0x00000d22      0x221 ./Core/Src/main.o
 .debug_macro   0x00000f43       0x2e ./Core/Src/main.o
 .debug_macro   0x00000f71       0x22 ./Core/Src/main.o
 .debug_macro   0x00000f93       0x22 ./Core/Src/main.o
 .debug_macro   0x00000fb5       0x8e ./Core/Src/main.o
 .debug_macro   0x00001043       0x51 ./Core/Src/main.o
 .debug_macro   0x00001094      0x103 ./Core/Src/main.o
 .debug_macro   0x00001197       0x6a ./Core/Src/main.o
 .debug_macro   0x00001201      0x1df ./Core/Src/main.o
 .debug_macro   0x000013e0       0x1c ./Core/Src/main.o
 .debug_macro   0x000013fc       0x22 ./Core/Src/main.o
 .debug_macro   0x0000141e       0xbd ./Core/Src/main.o
 .debug_macro   0x000014db      0xd23 ./Core/Src/main.o
 .debug_macro   0x000021fe     0xe09e ./Core/Src/main.o
 .debug_macro   0x0001029c       0x6d ./Core/Src/main.o
 .debug_macro   0x00010309     0x348d ./Core/Src/main.o
 .debug_macro   0x00013796      0x189 ./Core/Src/main.o
 .debug_macro   0x0001391f       0x5c ./Core/Src/main.o
 .debug_macro   0x0001397b      0x5bc ./Core/Src/main.o
 .debug_macro   0x00013f37      0x289 ./Core/Src/main.o
 .debug_macro   0x000141c0      0x1cb ./Core/Src/main.o
 .debug_macro   0x0001438b      0x114 ./Core/Src/main.o
 .debug_macro   0x0001449f      0x1b2 ./Core/Src/main.o
 .debug_macro   0x00014651       0x27 ./Core/Src/main.o
 .debug_macro   0x00014678      0x136 ./Core/Src/main.o
 .debug_macro   0x000147ae      0x1bc ./Core/Src/main.o
 .debug_macro   0x0001496a       0x34 ./Core/Src/main.o
 .debug_macro   0x0001499e       0x3c ./Core/Src/main.o
 .debug_macro   0x000149da       0x57 ./Core/Src/main.o
 .debug_macro   0x00014a31       0x87 ./Core/Src/main.o
 .debug_macro   0x00014ab8      0x240 ./Core/Src/main.o
 .debug_macro   0x00014cf8      0x287 ./Core/Src/main.o
 .debug_macro   0x00014f7f      0x140 ./Core/Src/main.o
 .debug_macro   0x000150bf      0x8ed ./Core/Src/main.o
 .debug_macro   0x000159ac      0x28e ./Core/Src/main.o
 .debug_macro   0x00015c3a       0x83 ./Core/Src/main.o
 .debug_macro   0x00015cbd       0x28 ./Core/Src/main.o
 .debug_macro   0x00015ce5      0x2a7 ./Core/Src/mpu6050.o
 .debug_macro   0x00015f8c       0x5b ./Core/Src/mpu6050.o
 .debug_macro   0x00015fe7       0x24 ./Core/Src/mpu6050.o
 .debug_macro   0x0001600b       0x94 ./Core/Src/mpu6050.o
 .debug_macro   0x0001609f       0x43 ./Core/Src/mpu6050.o
 .debug_macro   0x000160e2       0x34 ./Core/Src/mpu6050.o
 .debug_macro   0x00016116       0x16 ./Core/Src/mpu6050.o
 .debug_macro   0x0001612c       0x43 ./Core/Src/mpu6050.o
 .debug_macro   0x0001616f       0x57 ./Core/Src/mpu6050.o
 .debug_macro   0x000161c6       0x34 ./Core/Src/mpu6050.o
 .debug_macro   0x000161fa       0x10 ./Core/Src/mpu6050.o
 .debug_macro   0x0001620a       0x58 ./Core/Src/mpu6050.o
 .debug_macro   0x00016262       0x8e ./Core/Src/mpu6050.o
 .debug_macro   0x000162f0       0x1c ./Core/Src/mpu6050.o
 .debug_macro   0x0001630c      0x177 ./Core/Src/mpu6050.o
 .debug_macro   0x00016483      0x369 ./Core/Src/mpu6050.o
 .debug_macro   0x000167ec      0x19b ./Core/Src/mpu6050.o
 .debug_macro   0x00016987       0x56 ./Core/Src/mpu6050.o
 .debug_macro   0x000169dd      0x1bc ./Core/Src/stm32f1xx_hal_msp.o
 .debug_macro   0x00016b99      0x1c6 ./Core/Src/stm32f1xx_it.o
 .debug_macro   0x00016d5f      0x1ad ./Core/Src/system_stm32f1xx.o
 .debug_macro   0x00016f0c      0x1d1 ./Drivers/STM32F1xx_HAL_Driver/Src/stm32f1xx_hal.o
 .debug_macro   0x000170dd      0x1ad ./Drivers/STM32F1xx_HAL_Driver/Src/stm32f1xx_hal_cortex.o
 .debug_macro   0x0001728a      0x218 ./Drivers/STM32F1xx_HAL_Driver/Src/stm32f1xx_hal_gpio.o
 .debug_macro   0x000174a2      0x1fb ./Drivers/STM32F1xx_HAL_Driver/Src/stm32f1xx_hal_i2c.o
 .debug_macro   0x0001769d      0x1bf ./Drivers/STM32F1xx_HAL_Driver/Src/stm32f1xx_hal_rcc.o
 .debug_macro   0x0001785c      0x1ae ./Drivers/STM32F1xx_HAL_Driver/Src/stm32f1xx_hal_tim.o
 .debug_macro   0x00017a0a      0x1ad ./Drivers/STM32F1xx_HAL_Driver/Src/stm32f1xx_hal_tim_ex.o
 .debug_macro   0x00017bb7      0x1ae ./Drivers/STM32F1xx_HAL_Driver/Src/stm32f1xx_hal_uart.o

.debug_line     0x00000000    0x1143b
 .debug_line    0x00000000      0x4a0 ./Core/Src/fuzzy.o
 .debug_line    0x000004a0      0xae7 ./Core/Src/main.o
 .debug_line    0x00000f87      0xbb4 ./Core/Src/mpu6050.o
 .debug_line    0x00001b3b      0x88b ./Core/Src/stm32f1xx_hal_msp.o
 .debug_line    0x000023c6      0x7ea ./Core/Src/stm32f1xx_it.o
 .debug_line    0x00002bb0      0x78e ./Core/Src/system_stm32f1xx.o
 .debug_line    0x0000333e       0x78 ./Core/Startup/startup_stm32f103c8tx.o
 .debug_line    0x000033b6      0x9bb ./Drivers/STM32F1xx_HAL_Driver/Src/stm32f1xx_hal.o
 .debug_line    0x00003d71      0xba7 ./Drivers/STM32F1xx_HAL_Driver/Src/stm32f1xx_hal_cortex.o
 .debug_line    0x00004918      0xa54 ./Drivers/STM32F1xx_HAL_Driver/Src/stm32f1xx_hal_gpio.o
 .debug_line    0x0000536c     0x3c28 ./Drivers/STM32F1xx_HAL_Driver/Src/stm32f1xx_hal_i2c.o
 .debug_line    0x00008f94      0xdc4 ./Drivers/STM32F1xx_HAL_Driver/Src/stm32f1xx_hal_rcc.o
 .debug_line    0x00009d58     0x34c5 ./Drivers/STM32F1xx_HAL_Driver/Src/stm32f1xx_hal_tim.o
 .debug_line    0x0000d21d     0x191a ./Drivers/STM32F1xx_HAL_Driver/Src/stm32f1xx_hal_tim_ex.o
 .debug_line    0x0000eb37     0x2904 ./Drivers/STM32F1xx_HAL_Driver/Src/stm32f1xx_hal_uart.o

.debug_str      0x00000000    0x8cade
 .debug_str     0x00000000     0x2f5a ./Core/Src/fuzzy.o
                               0x2fb5 (size before relaxing)
 .debug_str     0x00002f5a    0x82d05 ./Core/Src/main.o
                              0x85f74 (size before relaxing)
 .debug_str     0x00085c5f     0x3abb ./Core/Src/mpu6050.o
                              0x88f93 (size before relaxing)
 .debug_str     0x0008971a      0x3ce ./Core/Src/stm32f1xx_hal_msp.o
                              0x85d4d (size before relaxing)
 .debug_str     0x00089ae8       0xdc ./Core/Src/stm32f1xx_it.o
                              0x854bf (size before relaxing)
 .debug_str     0x00089bc4       0x7e ./Core/Src/system_stm32f1xx.o
                              0x84f5a (size before relaxing)
 .debug_str     0x00089c42       0x44 ./Core/Startup/startup_stm32f103c8tx.o
                                 0x72 (size before relaxing)
 .debug_str     0x00089c86      0x382 ./Drivers/STM32F1xx_HAL_Driver/Src/stm32f1xx_hal.o
                              0x8568d (size before relaxing)
 .debug_str     0x0008a008      0x294 ./Drivers/STM32F1xx_HAL_Driver/Src/stm32f1xx_hal_cortex.o
                              0x855d9 (size before relaxing)
 .debug_str     0x0008a29c      0x2e1 ./Drivers/STM32F1xx_HAL_Driver/Src/stm32f1xx_hal_gpio.o
                              0x852e0 (size before relaxing)
 .debug_str     0x0008a57d      0xbb8 ./Drivers/STM32F1xx_HAL_Driver/Src/stm32f1xx_hal_i2c.o
                              0x86021 (size before relaxing)
 .debug_str     0x0008b135      0x209 ./Drivers/STM32F1xx_HAL_Driver/Src/stm32f1xx_hal_rcc.o
                              0x85389 (size before relaxing)
 .debug_str     0x0008b33e      0xce6 ./Drivers/STM32F1xx_HAL_Driver/Src/stm32f1xx_hal_tim.o
                              0x8637b (size before relaxing)
 .debug_str     0x0008c024      0x493 ./Drivers/STM32F1xx_HAL_Driver/Src/stm32f1xx_hal_tim_ex.o
                              0x85b97 (size before relaxing)
 .debug_str     0x0008c4b7      0x627 ./Drivers/STM32F1xx_HAL_Driver/Src/stm32f1xx_hal_uart.o
                              0x859fa (size before relaxing)

.comment        0x00000000       0x43
 .comment       0x00000000       0x43 ./Core/Src/fuzzy.o
                                 0x44 (size before relaxing)
 .comment       0x00000043       0x44 ./Core/Src/main.o
 .comment       0x00000043       0x44 ./Core/Src/mpu6050.o
 .comment       0x00000043       0x44 ./Core/Src/stm32f1xx_hal_msp.o
 .comment       0x00000043       0x44 ./Core/Src/stm32f1xx_it.o
 .comment       0x00000043       0x44 ./Core/Src/system_stm32f1xx.o
 .comment       0x00000043       0x44 ./Drivers/STM32F1xx_HAL_Driver/Src/stm32f1xx_hal.o
 .comment       0x00000043       0x44 ./Drivers/STM32F1xx_HAL_Driver/Src/stm32f1xx_hal_cortex.o
 .comment       0x00000043       0x44 ./Drivers/STM32F1xx_HAL_Driver/Src/stm32f1xx_hal_gpio.o
 .comment       0x00000043       0x44 ./Drivers/STM32F1xx_HAL_Driver/Src/stm32f1xx_hal_i2c.o
 .comment       0x00000043       0x44 ./Drivers/STM32F1xx_HAL_Driver/Src/stm32f1xx_hal_rcc.o
 .comment       0x00000043       0x44 ./Drivers/STM32F1xx_HAL_Driver/Src/stm32f1xx_hal_tim.o
 .comment       0x00000043       0x44 ./Drivers/STM32F1xx_HAL_Driver/Src/stm32f1xx_hal_tim_ex.o
 .comment       0x00000043       0x44 ./Drivers/STM32F1xx_HAL_Driver/Src/stm32f1xx_hal_uart.o

.debug_frame    0x00000000     0x4614
 .debug_frame   0x00000000      0x118 ./Core/Src/fuzzy.o
 .debug_frame   0x00000118      0x208 ./Core/Src/main.o
 .debug_frame   0x00000320      0x10c ./Core/Src/mpu6050.o
 .debug_frame   0x0000042c      0x184 ./Core/Src/stm32f1xx_hal_msp.o
 .debug_frame   0x000005b0      0x120 ./Core/Src/stm32f1xx_it.o
 .debug_frame   0x000006d0       0x58 ./Core/Src/system_stm32f1xx.o
 .debug_frame   0x00000728      0x334 ./Drivers/STM32F1xx_HAL_Driver/Src/stm32f1xx_hal.o
 .debug_frame   0x00000a5c      0x428 ./Drivers/STM32F1xx_HAL_Driver/Src/stm32f1xx_hal_cortex.o
 .debug_frame   0x00000e84      0x14c ./Drivers/STM32F1xx_HAL_Driver/Src/stm32f1xx_hal_gpio.o
 .debug_frame   0x00000fd0      0xc84 ./Drivers/STM32F1xx_HAL_Driver/Src/stm32f1xx_hal_i2c.o
 .debug_frame   0x00001c54      0x218 ./Drivers/STM32F1xx_HAL_Driver/Src/stm32f1xx_hal_rcc.o
 .debug_frame   0x00001e6c     0x11bc ./Drivers/STM32F1xx_HAL_Driver/Src/stm32f1xx_hal_tim.o
 .debug_frame   0x00003028      0x638 ./Drivers/STM32F1xx_HAL_Driver/Src/stm32f1xx_hal_tim_ex.o
 .debug_frame   0x00003660      0x944 ./Drivers/STM32F1xx_HAL_Driver/Src/stm32f1xx_hal_uart.o
 .debug_frame   0x00003fa4      0x144 E:/STM32CubeIDE_1.15.0/STM32CubeIDE/plugins/com.st.stm32cube.ide.mcu.externaltools.gnu-tools-for-stm32.12.3.rel1.win32_1.0.100.202403111256/tools/bin/../lib/gcc/arm-none-eabi/12.3.1/../../../../arm-none-eabi/lib/thumb/v7-m/nofp\libc_nano.a(libc_a-findfp.o)
 .debug_frame   0x000040e8       0x20 E:/STM32CubeIDE_1.15.0/STM32CubeIDE/plugins/com.st.stm32cube.ide.mcu.externaltools.gnu-tools-for-stm32.12.3.rel1.win32_1.0.100.202403111256/tools/bin/../lib/gcc/arm-none-eabi/12.3.1/../../../../arm-none-eabi/lib/thumb/v7-m/nofp\libc_nano.a(libc_a-memset.o)
 .debug_frame   0x00004108       0x20 E:/STM32CubeIDE_1.15.0/STM32CubeIDE/plugins/com.st.stm32cube.ide.mcu.externaltools.gnu-tools-for-stm32.12.3.rel1.win32_1.0.100.202403111256/tools/bin/../lib/gcc/arm-none-eabi/12.3.1/../../../../arm-none-eabi/lib/thumb/v7-m/nofp\libc_nano.a(libc_a-errno.o)
 .debug_frame   0x00004128       0x2c E:/STM32CubeIDE_1.15.0/STM32CubeIDE/plugins/com.st.stm32cube.ide.mcu.externaltools.gnu-tools-for-stm32.12.3.rel1.win32_1.0.100.202403111256/tools/bin/../lib/gcc/arm-none-eabi/12.3.1/../../../../arm-none-eabi/lib/thumb/v7-m/nofp\libc_nano.a(libc_a-init.o)
 .debug_frame   0x00004154       0x20 E:/STM32CubeIDE_1.15.0/STM32CubeIDE/plugins/com.st.stm32cube.ide.mcu.externaltools.gnu-tools-for-stm32.12.3.rel1.win32_1.0.100.202403111256/tools/bin/../lib/gcc/arm-none-eabi/12.3.1/../../../../arm-none-eabi/lib/thumb/v7-m/nofp\libm.a(libm_a-w_atan2.o)
 .debug_frame   0x00004174       0x30 E:/STM32CubeIDE_1.15.0/STM32CubeIDE/plugins/com.st.stm32cube.ide.mcu.externaltools.gnu-tools-for-stm32.12.3.rel1.win32_1.0.100.202403111256/tools/bin/../lib/gcc/arm-none-eabi/12.3.1/../../../../arm-none-eabi/lib/thumb/v7-m/nofp\libm.a(libm_a-w_sqrt.o)
 .debug_frame   0x000041a4       0x38 E:/STM32CubeIDE_1.15.0/STM32CubeIDE/plugins/com.st.stm32cube.ide.mcu.externaltools.gnu-tools-for-stm32.12.3.rel1.win32_1.0.100.202403111256/tools/bin/../lib/gcc/arm-none-eabi/12.3.1/../../../../arm-none-eabi/lib/thumb/v7-m/nofp\libm.a(libm_a-s_atan.o)
 .debug_frame   0x000041dc       0x20 E:/STM32CubeIDE_1.15.0/STM32CubeIDE/plugins/com.st.stm32cube.ide.mcu.externaltools.gnu-tools-for-stm32.12.3.rel1.win32_1.0.100.202403111256/tools/bin/../lib/gcc/arm-none-eabi/12.3.1/../../../../arm-none-eabi/lib/thumb/v7-m/nofp\libm.a(libm_a-s_fabs.o)
 .debug_frame   0x000041fc       0x38 E:/STM32CubeIDE_1.15.0/STM32CubeIDE/plugins/com.st.stm32cube.ide.mcu.externaltools.gnu-tools-for-stm32.12.3.rel1.win32_1.0.100.202403111256/tools/bin/../lib/gcc/arm-none-eabi/12.3.1/../../../../arm-none-eabi/lib/thumb/v7-m/nofp\libm.a(libm_a-e_sqrt.o)
 .debug_frame   0x00004234       0x48 E:/STM32CubeIDE_1.15.0/STM32CubeIDE/plugins/com.st.stm32cube.ide.mcu.externaltools.gnu-tools-for-stm32.12.3.rel1.win32_1.0.100.202403111256/tools/bin/../lib/gcc/arm-none-eabi/12.3.1/../../../../arm-none-eabi/lib/thumb/v7-m/nofp\libm.a(libm_a-e_atan2.o)
 .debug_frame   0x0000427c       0xac E:/STM32CubeIDE_1.15.0/STM32CubeIDE/plugins/com.st.stm32cube.ide.mcu.externaltools.gnu-tools-for-stm32.12.3.rel1.win32_1.0.100.202403111256/tools/bin/../lib/gcc/arm-none-eabi/12.3.1/thumb/v7-m/nofp\libgcc.a(_arm_addsubdf3.o)
 .debug_frame   0x00004328       0x50 E:/STM32CubeIDE_1.15.0/STM32CubeIDE/plugins/com.st.stm32cube.ide.mcu.externaltools.gnu-tools-for-stm32.12.3.rel1.win32_1.0.100.202403111256/tools/bin/../lib/gcc/arm-none-eabi/12.3.1/thumb/v7-m/nofp\libgcc.a(_arm_muldivdf3.o)
 .debug_frame   0x00004378       0xc4 E:/STM32CubeIDE_1.15.0/STM32CubeIDE/plugins/com.st.stm32cube.ide.mcu.externaltools.gnu-tools-for-stm32.12.3.rel1.win32_1.0.100.202403111256/tools/bin/../lib/gcc/arm-none-eabi/12.3.1/thumb/v7-m/nofp\libgcc.a(_arm_cmpdf2.o)
 .debug_frame   0x0000443c       0x20 E:/STM32CubeIDE_1.15.0/STM32CubeIDE/plugins/com.st.stm32cube.ide.mcu.externaltools.gnu-tools-for-stm32.12.3.rel1.win32_1.0.100.202403111256/tools/bin/../lib/gcc/arm-none-eabi/12.3.1/thumb/v7-m/nofp\libgcc.a(_arm_unorddf2.o)
 .debug_frame   0x0000445c       0x24 E:/STM32CubeIDE_1.15.0/STM32CubeIDE/plugins/com.st.stm32cube.ide.mcu.externaltools.gnu-tools-for-stm32.12.3.rel1.win32_1.0.100.202403111256/tools/bin/../lib/gcc/arm-none-eabi/12.3.1/thumb/v7-m/nofp\libgcc.a(_arm_fixunsdfsi.o)
 .debug_frame   0x00004480       0x24 E:/STM32CubeIDE_1.15.0/STM32CubeIDE/plugins/com.st.stm32cube.ide.mcu.externaltools.gnu-tools-for-stm32.12.3.rel1.win32_1.0.100.202403111256/tools/bin/../lib/gcc/arm-none-eabi/12.3.1/thumb/v7-m/nofp\libgcc.a(_arm_truncdfsf2.o)
 .debug_frame   0x000044a4       0x4c E:/STM32CubeIDE_1.15.0/STM32CubeIDE/plugins/com.st.stm32cube.ide.mcu.externaltools.gnu-tools-for-stm32.12.3.rel1.win32_1.0.100.202403111256/tools/bin/../lib/gcc/arm-none-eabi/12.3.1/thumb/v7-m/nofp\libgcc.a(_arm_addsubsf3.o)
 .debug_frame   0x000044f0       0x38 E:/STM32CubeIDE_1.15.0/STM32CubeIDE/plugins/com.st.stm32cube.ide.mcu.externaltools.gnu-tools-for-stm32.12.3.rel1.win32_1.0.100.202403111256/tools/bin/../lib/gcc/arm-none-eabi/12.3.1/thumb/v7-m/nofp\libgcc.a(_arm_muldivsf3.o)
 .debug_frame   0x00004528       0xc8 E:/STM32CubeIDE_1.15.0/STM32CubeIDE/plugins/com.st.stm32cube.ide.mcu.externaltools.gnu-tools-for-stm32.12.3.rel1.win32_1.0.100.202403111256/tools/bin/../lib/gcc/arm-none-eabi/12.3.1/thumb/v7-m/nofp\libgcc.a(_arm_cmpsf2.o)
 .debug_frame   0x000045f0       0x24 E:/STM32CubeIDE_1.15.0/STM32CubeIDE/plugins/com.st.stm32cube.ide.mcu.externaltools.gnu-tools-for-stm32.12.3.rel1.win32_1.0.100.202403111256/tools/bin/../lib/gcc/arm-none-eabi/12.3.1/thumb/v7-m/nofp\libgcc.a(_arm_fixunssfsi.o)

.debug_line_str
                0x00000000       0x56
 .debug_line_str
                0x00000000       0x56 ./Core/Startup/startup_stm32f103c8tx.o
