../Core/Src/main.c:99:5:main	8	static
../Core/Src/main.c:158:6:SystemClock_Config	72	static
../Core/Src/main.c:197:13:MX_I2C1_Init	8	static
../Core/Src/main.c:231:13:MX_TIM1_Init	32	static
../Core/Src/main.c:277:13:MX_TIM3_Init	48	static
../Core/Src/main.c:326:13:MX_TIM4_Init	48	static
../Core/Src/main.c:379:13:MX_USART1_UART_Init	8	static
../Core/Src/main.c:412:13:MX_GPIO_Init	40	static
../Core/Src/main.c:459:6:Init_All	8	static
../Core/Src/main.c:467:6:HAL_TIM_PeriodElapsedCallback	16	static
../Core/Src/main.c:492:6:Fuzzy_Process	8	static
../Core/Src/main.c:504:6:motor_forward	8	static
../Core/Src/main.c:512:6:motor_reverse	8	static
../Core/Src/main.c:520:6:pwm_out	24	static
../Core/Src/main.c:545:6:Error_Handler	4	static,ignoring_inline_asm
