../Core/Src/main.c:99:5:main	8	static
../Core/Src/main.c:150:6:SystemClock_Config	72	static
../Core/Src/main.c:189:13:MX_I2C1_Init	8	static
../Core/Src/main.c:223:13:MX_TIM1_Init	32	static
../Core/Src/main.c:269:13:MX_TIM3_Init	48	static
../Core/Src/main.c:318:13:MX_TIM4_Init	48	static
../Core/Src/main.c:371:13:MX_USART1_UART_Init	8	static
../Core/Src/main.c:404:13:MX_GPIO_Init	40	static
../Core/Src/main.c:451:6:Init_All	8	static
../Core/Src/main.c:459:6:HAL_TIM_PeriodElapsedCallback	16	static
../Core/Src/main.c:491:6:Fuzzy_Process	8	static
../Core/Src/main.c:503:6:motor_forward	8	static
../Core/Src/main.c:511:6:motor_reverse	8	static
../Core/Src/main.c:519:6:pwm_out	24	static
../Core/Src/main.c:544:6:Error_Handler	4	static,ignoring_inline_asm
